Product: MDK-ARM Standard 5.10
Component: ARM Compiler 5.04 update 1 (build 49)
Tool: armlink [5040049]

==============================================================================

Section Cross References

    startup_stm32f407xx.o(STACK) refers (Special) to heapauxi.o(.text) for __use_two_region_memory
    startup_stm32f407xx.o(HEAP) refers (Special) to heapauxi.o(.text) for __use_two_region_memory
    startup_stm32f407xx.o(RESET) refers (Special) to heapauxi.o(.text) for __use_two_region_memory
    startup_stm32f407xx.o(RESET) refers to startup_stm32f407xx.o(STACK) for __initial_sp
    startup_stm32f407xx.o(RESET) refers to startup_stm32f407xx.o(.text) for Reset_Handler
    startup_stm32f407xx.o(RESET) refers to stm32f4xx_it.o(i.NMI_Handler) for NMI_Handler
    startup_stm32f407xx.o(RESET) refers to stm32f4xx_it.o(i.HardFault_Handler) for HardFault_Handler
    startup_stm32f407xx.o(RESET) refers to stm32f4xx_it.o(i.MemManage_Handler) for MemManage_Handler
    startup_stm32f407xx.o(RESET) refers to stm32f4xx_it.o(i.BusFault_Handler) for BusFault_Handler
    startup_stm32f407xx.o(RESET) refers to stm32f4xx_it.o(i.UsageFault_Handler) for UsageFault_Handler
    startup_stm32f407xx.o(RESET) refers to stm32f4xx_it.o(i.SVC_Handler) for SVC_Handler
    startup_stm32f407xx.o(RESET) refers to stm32f4xx_it.o(i.DebugMon_Handler) for DebugMon_Handler
    startup_stm32f407xx.o(RESET) refers to stm32f4xx_it.o(i.PendSV_Handler) for PendSV_Handler
    startup_stm32f407xx.o(RESET) refers to stm32f4xx_it.o(i.SysTick_Handler) for SysTick_Handler
    startup_stm32f407xx.o(RESET) refers to stm32f4xx_it.o(i.USART1_IRQHandler) for USART1_IRQHandler
    startup_stm32f407xx.o(RESET) refers to stm32f4xx_it.o(i.DMA2_Stream2_IRQHandler) for DMA2_Stream2_IRQHandler
    startup_stm32f407xx.o(RESET) refers to stm32f4xx_it.o(i.DMA2_Stream7_IRQHandler) for DMA2_Stream7_IRQHandler
    startup_stm32f407xx.o(.text) refers (Special) to heapauxi.o(.text) for __use_two_region_memory
    startup_stm32f407xx.o(.text) refers to system_stm32f4xx.o(i.SystemInit) for SystemInit
    startup_stm32f407xx.o(.text) refers to __main.o(!!!main) for __main
    startup_stm32f407xx.o(.text) refers to startup_stm32f407xx.o(HEAP) for Heap_Mem
    startup_stm32f407xx.o(.text) refers to startup_stm32f407xx.o(STACK) for Stack_Mem
    bsp_uart.o(i.UART_Config) refers to stm32f4xx_hal_uart.o(i.HAL_UART_Receive_DMA) for HAL_UART_Receive_DMA
    bsp_uart.o(i.UART_Config) refers to usart.o(.bss) for huart1
    bsp_uart.o(i.UART_Config) refers to bsp_uart.o(.bss) for .bss
    bsp_uart.o(i.UART_DMA_Send) refers to stm32f4xx_hal_dma.o(i.HAL_DMA_GetState) for HAL_DMA_GetState
    bsp_uart.o(i.UART_DMA_Send) refers to stm32f4xx_hal_uart.o(i.HAL_UART_Transmit_DMA) for HAL_UART_Transmit_DMA
    bsp_uart.o(i.UART_DMA_Send) refers to usart.o(.bss) for hdma_usart1_tx
    bsp_uart.o(i.UART_IDLE_IRQHandler) refers to protocol.o(i.Protocol_ProcessPacket) for Protocol_ProcessPacket
    bsp_uart.o(i.UART_IDLE_IRQHandler) refers to stm32f4xx_hal_uart.o(i.HAL_UART_Receive_DMA) for HAL_UART_Receive_DMA
    bsp_uart.o(i.UART_IDLE_IRQHandler) refers to usart.o(.bss) for huart1
    bsp_uart.o(i.UART_IDLE_IRQHandler) refers to bsp_uart.o(.bss) for .bss
    protocol.o(i.Protocol_Init) refers to protocol.o(.bss) for .bss
    protocol.o(i.Protocol_ProcessPacket) refers to protocol.o(i.Protocol_CalcChecksum) for Protocol_CalcChecksum
    protocol.o(i.Protocol_ProcessPacket) refers to protocol.o(i.Send_Collect_Reply) for Send_Collect_Reply
    protocol.o(i.Protocol_ProcessPacket) refers to protocol.o(i.Send_Settings_Reply) for Send_Settings_Reply
    protocol.o(i.Protocol_ProcessPacket) refers to protocol.o(i.Send_Standard_Reply) for Send_Standard_Reply
    protocol.o(i.Protocol_ProcessPacket) refers to protocol.o(.bss) for .bss
    protocol.o(i.Send_Collect_Reply) refers to protocol.o(i.Protocol_CalcChecksum) for Protocol_CalcChecksum
    protocol.o(i.Send_Collect_Reply) refers to bsp_uart.o(i.UART_DMA_Send) for UART_DMA_Send
    protocol.o(i.Send_Collect_Reply) refers to protocol.o(.bss) for .bss
    protocol.o(i.Send_Settings_Reply) refers to protocol.o(i.Protocol_CalcChecksum) for Protocol_CalcChecksum
    protocol.o(i.Send_Settings_Reply) refers to bsp_uart.o(i.UART_DMA_Send) for UART_DMA_Send
    protocol.o(i.Send_Settings_Reply) refers to protocol.o(.bss) for .bss
    protocol.o(i.Send_Standard_Reply) refers to protocol.o(i.Protocol_CalcChecksum) for Protocol_CalcChecksum
    protocol.o(i.Send_Standard_Reply) refers to bsp_uart.o(i.UART_DMA_Send) for UART_DMA_Send
    protocol.o(i.Send_Standard_Reply) refers to protocol.o(.bss) for .bss
    main.o(i.SystemClock_Config) refers to rt_memclr_w.o(.text) for __aeabi_memclr4
    main.o(i.SystemClock_Config) refers to stm32f4xx_hal_rcc.o(i.HAL_RCC_OscConfig) for HAL_RCC_OscConfig
    main.o(i.SystemClock_Config) refers to stm32f4xx_hal_rcc.o(i.HAL_RCC_ClockConfig) for HAL_RCC_ClockConfig
[...]
    i.DMA_SetConfig                          0x080022a8   Section        0  stm32f4xx_hal_dma.o(i.DMA_SetConfig)
    DMA_SetConfig                            0x080022a9   Thumb Code    40  stm32f4xx_hal_dma.o(i.DMA_SetConfig)
    i.DebugMon_Handler                       0x080022d0   Section        0  stm32f4xx_it.o(i.DebugMon_Handler)
    i.Error_Handler                          0x080022d2   Section        0  main.o(i.Error_Handler)
    i.HAL_DMA_Abort                          0x080022d6   Section        0  stm32f4xx_hal_dma.o(i.HAL_DMA_Abort)
    i.HAL_DMA_Abort_IT                       0x08002368   Section        0  stm32f4xx_hal_dma.o(i.HAL_DMA_Abort_IT)
    i.HAL_DMA_GetState                       0x0800238c   Section        0  stm32f4xx_hal_dma.o(i.HAL_DMA_GetState)
    i.HAL_DMA_IRQHandler                     0x08002394   Section        0  stm32f4xx_hal_dma.o(i.HAL_DMA_IRQHandler)
    i.HAL_DMA_Init                           0x08002534   Section        0  stm32f4xx_hal_dma.o(i.HAL_DMA_Init)
    i.HAL_DMA_Start_IT                       0x08002608   Section        0  stm32f4xx_hal_dma.o(i.HAL_DMA_Start_IT)
    i.HAL_Delay                              0x08002678   Section        0  stm32f4xx_hal.o(i.HAL_Delay)
    i.HAL_GPIO_Init                          0x0800269c   Section        0  stm32f4xx_hal_gpio.o(i.HAL_GPIO_Init)
    i.HAL_GPIO_ReadPin                       0x0800288c   Section        0  stm32f4xx_hal_gpio.o(i.HAL_GPIO_ReadPin)
    i.HAL_GPIO_WritePin                      0x08002896   Section        0  stm32f4xx_hal_gpio.o(i.HAL_GPIO_WritePin)
    i.HAL_GetTick                            0x080028a0   Section        0  stm32f4xx_hal.o(i.HAL_GetTick)
    i.HAL_IncTick                            0x080028ac   Section        0  stm32f4xx_hal.o(i.HAL_IncTick)
    i.HAL_Init                               0x080028bc   Section        0  stm32f4xx_hal.o(i.HAL_Init)
    i.HAL_InitTick                           0x080028f0   Section        0  stm32f4xx_hal.o(i.HAL_InitTick)
    i.HAL_MspInit                            0x08002930   Section        0  stm32f4xx_hal_msp.o(i.HAL_MspInit)
    i.HAL_NVIC_EnableIRQ                     0x08002960   Section        0  stm32f4xx_hal_cortex.o(i.HAL_NVIC_EnableIRQ)
    i.HAL_NVIC_SetPriority                   0x0800297c   Section        0  stm32f4xx_hal_cortex.o(i.HAL_NVIC_SetPriority)
    i.HAL_NVIC_SetPriorityGrouping           0x080029bc   Section        0  stm32f4xx_hal_cortex.o(i.HAL_NVIC_SetPriorityGrouping)
    i.HAL_RCC_ClockConfig                    0x080029e0   Section        0  stm32f4xx_hal_rcc.o(i.HAL_RCC_ClockConfig)
    i.HAL_RCC_GetPCLK1Freq                   0x08002b14   Section        0  stm32f4xx_hal_rcc.o(i.HAL_RCC_GetPCLK1Freq)
    i.HAL_RCC_GetPCLK2Freq                   0x08002b34   Section        0  stm32f4xx_hal_rcc.o(i.HAL_RCC_GetPCLK2Freq)
    i.HAL_RCC_GetSysClockFreq                0x08002b54   Section        0  stm32f4xx_hal_rcc.o(i.HAL_RCC_GetSysClockFreq)
    i.HAL_RCC_OscConfig                      0x08002bb8   Section        0  stm32f4xx_hal_rcc.o(i.HAL_RCC_OscConfig)
    i.HAL_SPI_Init                           0x08002f24   Section        0  stm32f4xx_hal_spi.o(i.HAL_SPI_Init)
    i.HAL_SPI_MspInit                        0x08002fe0   Section        0  spi.o(i.HAL_SPI_MspInit)
    i.HAL_SYSTICK_Config                     0x08003048   Section        0  stm32f4xx_hal_cortex.o(i.HAL_SYSTICK_Config)
    i.HAL_UARTEx_RxEventCallback             0x08003070   Section        0  stm32f4xx_hal_uart.o(i.HAL_UARTEx_RxEventCallback)
    i.HAL_UART_ErrorCallback                 0x08003072   Section        0  stm32f4xx_hal_uart.o(i.HAL_UART_ErrorCallback)
    i.HAL_UART_IRQHandler                    0x08003074   Section        0  stm32f4xx_hal_uart.o(i.HAL_UART_IRQHandler)
    i.HAL_UART_Init                          0x080032f4   Section        0  stm32f4xx_hal_uart.o(i.HAL_UART_Init)
    i.HAL_UART_MspInit                       0x08003358   Section        0  usart.o(i.HAL_UART_MspInit)
    i.HAL_UART_Receive_DMA                   0x08003440   Section        0  stm32f4xx_hal_uart.o(i.HAL_UART_Receive_DMA)
    i.HAL_UART_RxCpltCallback                0x0800345c   Section        0  stm32f4xx_hal_uart.o(i.HAL_UART_RxCpltCallback)
    i.HAL_UART_RxHalfCpltCallback            0x0800345e   Section        0  stm32f4xx_hal_uart.o(i.HAL_UART_RxHalfCpltCallback)
    i.HAL_UART_Transmit                      0x08003460   Section        0  stm32f4xx_hal_uart.o(i.HAL_UART_Transmit)
    i.HAL_UART_Transmit_DMA                  0x08003500   Section        0  stm32f4xx_hal_uart.o(i.HAL_UART_Transmit_DMA)
    i.HAL_UART_TxCpltCallback                0x08003584   Section        0  stm32f4xx_hal_uart.o(i.HAL_UART_TxCpltCallback)
    i.HAL_UART_TxHalfCpltCallback            0x08003586   Section        0  stm32f4xx_hal_uart.o(i.HAL_UART_TxHalfCpltCallback)
    i.HardFault_Handler                      0x08003588   Section        0  stm32f4xx_it.o(i.HardFault_Handler)
    i.MX_DMA_Init                            0x0800358c   Section        0  dma.o(i.MX_DMA_Init)
    i.MX_GPIO_Init                           0x080035c8   Section        0  gpio.o(i.MX_GPIO_Init)
    i.MX_SPI1_Init                           0x080036e0   Section        0  spi.o(i.MX_SPI1_Init)
    i.MX_USART1_UART_Init                    0x08003728   Section        0  usart.o(i.MX_USART1_UART_Init)
    i.MemManage_Handler                      0x08003760   Section        0  stm32f4xx_it.o(i.MemManage_Handler)
    i.NMI_Handler                            0x08003762   Section        0  stm32f4xx_it.o(i.NMI_Handler)
    i.PID_Init                               0x08003764   Section        0  pid.o(i.PID_Init)
    i.PendSV_Handler                         0x0800379c   Section        0  stm32f4xx_it.o(i.PendSV_Handler)
    i.Protocol_CalcChecksum                  0x0800379e   Section        0  protocol.o(i.Protocol_CalcChecksum)
    i.Protocol_Init                          0x080037bc   Section        0  protocol.o(i.Protocol_Init)
    i.Protocol_ProcessPacket                 0x080037e4   Section        0  protocol.o(i.Protocol_ProcessPacket)
    i.SVC_Handler                            0x080038c4   Section        0  stm32f4xx_it.o(i.SVC_Handler)
    i.Send_Collect_Reply                     0x080038c8   Section        0  protocol.o(i.Send_Collect_Reply)
    Send_Collect_Reply                       0x080038c9   Thumb Code   118  protocol.o(i.Send_Collect_Reply)
    i.Send_Settings_Reply                    0x08003944   Section        0  protocol.o(i.Send_Settings_Reply)
    Send_Settings_Reply                      0x08003945   Thumb Code   270  protocol.o(i.Send_Settings_Reply)
    i.Send_Standard_Reply                    0x08003a58   Section        0  protocol.o(i.Send_Standard_Reply)
    Send_Standard_Reply                      0x08003a59   Thumb Code    46  protocol.o(i.Send_Standard_Reply)
    i.SysTick_Handler                        0x08003a8c   Section        0  stm32f4xx_it.o(i.SysTick_Handler)
    i.SystemClock_Config                     0x08003a90   Section        0  main.o(i.SystemClock_Config)
    i.SystemInit                             0x08003b28   Section        0  system_stm32f4xx.o(i.SystemInit)
    i.UART_Config                            0x08003b38   Section        0  bsp_uart.o(i.UART_Config)
    i.UART_DMAAbortOnError                   0x08003b58   Section        0  stm32f4xx_hal_uart.o(i.UART_DMAAbortOnError)
    UART_DMAAbortOnError                     0x08003b59   Thumb Code    14  stm32f4xx_hal_uart.o(i.UART_DMAAbortOnError)
    i.UART_DMAError                          0x08003b66   Section        0  stm32f4xx_hal_uart.o(i.UART_DMAError)
    UART_DMAError                            0x08003b67   Thumb Code    74  stm32f4xx_hal_uart.o(i.UART_DMAError)
    i.UART_DMAReceiveCplt                    0x08003bb0   Section        0  stm32f4xx_hal_uart.o(i.UART_DMAReceiveCplt)
    UART_DMAReceiveCplt                      0x08003bb1   Thumb Code   134  stm32f4xx_hal_uart.o(i.UART_DMAReceiveCplt)
    i.UART_DMARxHalfCplt                     0x08003c36   Section        0  stm32f4xx_hal_uart.o(i.UART_DMARxHalfCplt)
    UART_DMARxHalfCplt                       0x08003c37   Thumb Code    30  stm32f4xx_hal_uart.o(i.UART_DMARxHalfCplt)
    i.UART_DMATransmitCplt                   0x08003c54   Section        0  stm32f4xx_hal_uart.o(i.UART_DMATransmitCplt)
    UART_DMATransmitCplt                     0x08003c55   Thumb Code    66  stm32f4xx_hal_uart.o(i.UART_DMATransmitCplt)
    i.UART_DMATxHalfCplt                     0x08003c96   Section        0  stm32f4xx_hal_uart.o(i.UART_DMATxHalfCplt)
    UART_DMATxHalfCplt                       0x08003c97   Thumb Code    10  stm32f4xx_hal_uart.o(i.UART_DMATxHalfCplt)
    i.UART_DMA_Send                          0x08003ca0   Section        0  bsp_uart.o(i.UART_DMA_Send)
    i.UART_EndRxTransfer                     0x08003cc8   Section        0  stm32f4xx_hal_uart.o(i.UART_EndRxTransfer)
    UART_EndRxTransfer                       0x08003cc9   Thumb Code    78  stm32f4xx_hal_uart.o(i.UART_EndRxTransfer)
    i.UART_EndTxTransfer                     0x08003d16   Section        0  stm32f4xx_hal_uart.o(i.UART_EndTxTransfer)
    UART_EndTxTransfer                       0x08003d17   Thumb Code    28  stm32f4xx_hal_uart.o(i.UART_EndTxTransfer)
    i.UART_IDLE_IRQHandler                   0x08003d34   Section        0  bsp_uart.o(i.UART_IDLE_IRQHandler)
    i.UART_Printf                            0x08003d88   Section        0  main.o(i.UART_Printf)
    UART_Printf                              0x08003d89   Thumb Code    40  main.o(i.UART_Printf)
    i.UART_Receive_IT                        0x08003db4   Section        0  stm32f4xx_hal_uart.o(i.UART_Receive_IT)
    UART_Receive_IT                          0x08003db5   Thumb Code   194  stm32f4xx_hal_uart.o(i.UART_Receive_IT)
    i.UART_SetConfig                         0x08003e78   Section        0  stm32f4xx_hal_uart.o(i.UART_SetConfig)
    UART_SetConfig                           0x08003e79   Thumb Code   210  stm32f4xx_hal_uart.o(i.UART_SetConfig)
    i.UART_Start_Receive_DMA                 0x08003f54   Section        0  stm32f4xx_hal_uart.o(i.UART_Start_Receive_DMA)
    i.UART_WaitOnFlagUntilTimeout            0x08003ff4   Section        0  stm32f4xx_hal_uart.o(i.UART_WaitOnFlagUntilTimeout)
    UART_WaitOnFlagUntilTimeout              0x08003ff5   Thumb Code   114  stm32f4xx_hal_uart.o(i.UART_WaitOnFlagUntilTimeout)
    i.USART1_IRQHandler                      0x08004068   Section        0  stm32f4xx_it.o(i.USART1_IRQHandler)
    i.UsageFault_Handler                     0x0800407c   Section        0  stm32f4xx_it.o(i.UsageFault_Handler)
    i.__ARM_fpclassify                       0x0800407e   Section        0  fpclassify.o(i.__ARM_fpclassify)
    i.__ARM_fpclassifyf                      0x080040ae   Section        0  fpclassifyf.o(i.__ARM_fpclassifyf)
    i.__NVIC_SetPriority                     0x080040d4   Section        0  stm32f4xx_hal_cortex.o(i.__NVIC_SetPriority)
    __NVIC_SetPriority                       0x080040d5   Thumb Code    32  stm32f4xx_hal_cortex.o(i.__NVIC_SetPriority)
    i.__hardfp_sinf                          0x080040f4   Section        0  sinf.o(i.__hardfp_sinf)
    i.__mathlib_flt_underflow                0x08004280   Section        0  funder.o(i.__mathlib_flt_underflow)
    i.__mathlib_rredf2                       0x08004290   Section        0  rredf.o(i.__mathlib_rredf2)
    i._is_digit                              0x080043d0   Section        0  __printf_wp.o(i._is_digit)
    i.delay_spi                              0x080043de   Section        0  dac8568c.o(i.delay_spi)
    delay_spi                                0x080043df   Thumb Code    32  dac8568c.o(i.delay_spi)
    i.delay_us                               0x080043fe   Section        0  ads1256.o(i.delay_us)
    delay_us                                 0x080043ff   Thumb Code    22  ads1256.o(i.delay_us)
    i.main                                   0x08004414   Section        0  main.o(i.main)
    locale$$code                             0x08004770   Section       44  lc_numeric_c.o(locale$$code)
    locale$$code                             0x0800479c   Section       44  lc_ctype_c.o(locale$$code)
    x$fpl$fpinit                             0x080047c8   Section       10  fpinit.o(x$fpl$fpinit)
    $v0                                      0x080047c8   Number         0  fpinit.o(x$fpl$fpinit)
    x$fpl$printf1                            0x080047d2   Section        4  printf1.o(x$fpl$printf1)
    $v0                                      0x080047d2   Number         0  printf1.o(x$fpl$printf1)
    x$fpl$printf2                            0x080047d6   Section        4  printf2.o(x$fpl$printf2)
    $v0                                      0x080047d6   Number         0  printf2.o(x$fpl$printf2)
    .constdata                               0x080047da   Section        8  stm32f4xx_hal_dma.o(.constdata)
    x$fpl$usenofp                            0x080047da   Section        0  usenofp.o(x$fpl$usenofp)
    flagBitshiftOffset                       0x080047da   Data           8  stm32f4xx_hal_dma.o(.constdata)
    .constdata                               0x080047e2   Section       16  system_stm32f4xx.o(.constdata)
    .constdata                               0x080047f2   Section        8  system_stm32f4xx.o(.constdata)
    .constdata                               0x080047fc   Section        8  _printf_wctomb.o(.constdata)
    initial_mbstate                          0x080047fc   Data           8  _printf_wctomb.o(.constdata)
    .constdata                               0x08004804   Section       40  _printf_hex_int_ll_ptr.o(.constdata)
    uc_hextab                                0x08004804   Data          20  _printf_hex_int_ll_ptr.o(.constdata)
    lc_hextab                                0x08004818   Data          20  _printf_hex_int_ll_ptr.o(.constdata)
    .constdata                               0x0800482c   Section       17  __printf_flags_ss_wp.o(.constdata)
    maptable                                 0x0800482c   Data          17  __printf_flags_ss_wp.o(.constdata)
    .constdata                               0x08004840   Section       32  rredf.o(.constdata)
    twooverpi                                0x08004840   Data          32  rredf.o(.constdata)
    .constdata                               0x08004860   Section       38  _printf_fp_hex.o(.constdata)
    lc_hextab                                0x08004860   Data          19  _printf_fp_hex.o(.constdata)
    uc_hextab                                0x08004873   Data          19  _printf_fp_hex.o(.constdata)
    .constdata                               0x08004888   Section      148  bigflt0.o(.constdata)
    tenpwrs_x                                0x08004888   Data          60  bigflt0.o(.constdata)
    tenpwrs_i                                0x080048c4   Data          64  bigflt0.o(.constdata)
    locale$$data                             0x0800493c   Section       28  lc_numeric_c.o(locale$$data)
    __lcnum_c_name                           0x08004940   Data           2  lc_numeric_c.o(locale$$data)
    __lcnum_c_start                          0x08004948   Data           0  lc_numeric_c.o(locale$$data)
    __lcnum_c_point                          0x08004954   Data           0  lc_numeric_c.o(locale$$data)
    __lcnum_c_thousands                      0x08004956   Data           0  lc_numeric_c.o(locale$$data)
    __lcnum_c_grouping                       0x08004957   Data           0  lc_numeric_c.o(locale$$data)
    locale$$data                             0x08004958   Section      272  lc_ctype_c.o(locale$$data)
    __lcnum_c_end                            0x08004958   Data           0  lc_numeric_c.o(locale$$data)
    __lcctype_c_name                         0x0800495c   Data           2  lc_ctype_c.o(locale$$data)
    __lcctype_c_start                        0x08004964   Data           0  lc_ctype_c.o(locale$$data)
    __lcctype_c_end                          0x08004a68   Data           0  lc_ctype_c.o(locale$$data)
    .data                                    0x20000000   Section       24  main.o(.data)
    .data                                    0x20000018   Section       12  stm32f4xx_hal.o(.data)
    .data                                    0x20000024   Section        4  system_stm32f4xx.o(.data)
    .bss                                     0x20000028   Section      256  bsp_uart.o(.bss)
    .bss                                     0x20000128   Section      304  protocol.o(.bss)
    tx_buf                                   0x20000128   Data          66  protocol.o(.bss)
    tx_buf                                   0x2000016a   Data          82  protocol.o(.bss)
    tx_buf                                   0x200001bc   Data          86  protocol.o(.bss)
    .bss                                     0x20000258   Section       64  main.o(.bss)
    .bss                                     0x20000298   Section      264  usart.o(.bss)
    .bss                                     0x200003a0   Section       88  spi.o(.bss)
    .bss                                     0x200003f8   Section       96  libspace.o(.bss)
    HEAP                                     0x20000458   Section      512  startup_stm32f407xx.o(HEAP)
    Heap_Mem                                 0x20000458   Data         512  startup_stm32f407xx.o(HEAP)
    STACK                                    0x20000658   Section     1024  startup_stm32f407xx.o(STACK)
    Stack_Mem                                0x20000658   Data        1024  startup_stm32f407xx.o(STACK)
    __initial_sp                             0x20000a58   Data           0  startup_stm32f407xx.o(STACK)

    Global Symbols

    Symbol Name                              Value     Ov Type        Size  Object(Section)

    BuildAttributes$$THM_ISAv4$E$P$D$K$B$S$7EM$VFPi3$EXTD16$VFPS$VFMA$PE$A:L22UL41UL21$X:L11$S22US41US21$IEEE1$IW$USESV6$~STKCKD$USESV7$~SHL$OTIME$ROPI$IEEEX$EBA8$UX$STANDARDLIB$REQ8$PRES8$EABIv2 0x00000000   Number         0  anon$$obj.o ABSOLUTE
    __ARM_use_no_argv                        0x00000000   Number         0  main.o ABSOLUTE
    _printf_flags                            0x00000000   Number         0  printf_stubs.o ABSOLUTE
    _printf_return_value                     0x00000000   Number         0  printf_stubs.o ABSOLUTE
    _printf_sizespec                         0x00000000   Number         0  printf_stubs.o ABSOLUTE
    _printf_widthprec                        0x00000000   Number         0  printf_stubs.o ABSOLUTE
    __ARM_exceptions_init                     - Undefined Weak Reference
    __alloca_initialize                       - Undefined Weak Reference
    __cpp_initialize__aeabi_                  - Undefined Weak Reference
    __cxa_finalize                            - Undefined Weak Reference
    __sigvec_lookup                           - Undefined Weak Reference
    _atexit_init                              - Undefined Weak Reference
    _call_atexit_fns                          - Undefined Weak Reference
    _clock_init                               - Undefined Weak Reference
    _fp_trap_init                             - Undefined Weak Reference
    _fp_trap_shutdown                         - Undefined Weak Reference
    _get_lc_collate                           - Undefined Weak Reference
    _get_lc_monetary                          - Undefined Weak Reference
    _get_lc_time                              - Undefined Weak Reference
    _getenv_init                              - Undefined Weak Reference
    _handle_redirection                       - Undefined Weak Reference
    _init_alloc                               - Undefined Weak Reference
    _init_user_alloc                          - Undefined Weak Reference
    _initio                                   - Undefined Weak Reference
    _printf_mbtowc                            - Undefined Weak Reference
    _printf_wc                                - Undefined Weak Reference
    _rand_init                                - Undefined Weak Reference
    _signal_finish                            - Undefined Weak Reference
    _signal_init                              - Undefined Weak Reference
    _terminate_alloc                          - Undefined Weak Reference
    _terminate_user_alloc                     - Undefined Weak Reference
    _terminateio                              - Undefined Weak Reference
    __Vectors_Size                           0x00000188   Number         0  startup_stm32f407xx.o ABSOLUTE
    __Vectors                                0x08000000   Data           4  startup_stm32f407xx.o(RESET)
    __Vectors_End                            0x08000188   Data           0  startup_stm32f407xx.o(RESET)
    __main                                   0x08000189   Thumb Code     8  __main.o(!!!main)
    __scatterload                            0x08000191   Thumb Code     0  __scatter.o(!!!scatter)
    __scatterload_rt2                        0x08000191   Thumb Code    44  __scatter.o(!!!scatter)
    __scatterload_rt2_thumb_only             0x08000191   Thumb Code     0  __scatter.o(!!!scatter)
    __scatterload_null                       0x0800019f   Thumb Code     0  __scatter.o(!!!scatter)
    __scatterload_copy                       0x080001c5   Thumb Code    26  __scatter_copy.o(!!handler_copy)
    __scatterload_zeroinit                   0x080001e1   Thumb Code    28  __scatter_zi.o(!!handler_zi)
    _printf_n                                0x080001fd   Thumb Code     0  _printf_n.o(.ARM.Collect$$_printf_percent$$00000001)
    _printf_percent                          0x080001fd   Thumb Code     0  _printf_percent.o(.ARM.Collect$$_printf_percent$$00000000)
    _printf_p                                0x08000203   Thumb Code     0  _printf_p.o(.ARM.Collect$$_printf_percent$$00000002)
    _printf_f                                0x08000209   Thumb Code     0  _printf_f.o(.ARM.Collect$$_printf_percent$$00000003)
    _printf_e                                0x0800020f   Thumb Code     0  _printf_e.o(.ARM.Collect$$_printf_percent$$00000004)
    _printf_g                                0x08000215   Thumb Code     0  _printf_g.o(.ARM.Collect$$_printf_percent$$00000005)
    _printf_a                                0x0800021b   Thumb Code     0  _printf_a.o(.ARM.Collect$$_printf_percent$$00000006)
    _printf_ll                               0x08000221   Thumb Code     0  _printf_ll.o(.ARM.Collect$$_printf_percent$$00000007)
    _printf_i                                0x0800022b   Thumb Code     0  _printf_i.o(.ARM.Collect$$_printf_percent$$00000008)
    _printf_d                                0x08000231   Thumb Code     0  _printf_d.o(.ARM.Collect$$_printf_percent$$00000009)
    _printf_u                                0x08000237   Thumb Code     0  _printf_u.o(.ARM.Collect$$_printf_percent$$0000000A)
    _printf_o                                0x0800023d   Thumb Code     0  _printf_o.o(.ARM.Collect$$_printf_percent$$0000000B)
    _printf_x                                0x08000243   Thumb Code     0  _printf_x.o(.ARM.Collect$$_printf_percent$$0000000C)
    _printf_lli                              0x08000249   Thumb Code     0  _printf_lli.o(.ARM.Collect$$_printf_percent$$0000000D)
    _printf_lld                              0x0800024f   Thumb Code     0  _printf_lld.o(.ARM.Collect$$_printf_percent$$0000000E)
    _printf_llu                              0x08000255   Thumb Code     0  _printf_llu.o(.ARM.Collect$$_printf_percent$$0000000F)
    _printf_llo                              0x0800025b   Thumb Code     0  _printf_llo.o(.ARM.Collect$$_printf_percent$$00000010)
    _printf_llx                              0x08000261   Thumb Code     0  _printf_llx.o(.ARM.Collect$$_printf_percent$$00000011)
    _printf_l                                0x08000267   Thumb Code     0  _printf_l.o(.ARM.Collect$$_printf_percent$$00000012)
    _printf_c                                0x08000271   Thumb Code     0  _printf_c.o(.ARM.Collect$$_printf_percent$$00000013)
    _printf_s                                0x08000277   Thumb Code     0  _printf_s.o(.ARM.Collect$$_printf_percent$$00000014)
    _printf_lc                               0x0800027d   Thumb Code     0  _printf_lc.o(.ARM.Collect$$_printf_percent$$00000015)
    _printf_ls                               0x08000283   Thumb Code     0  _printf_ls.o(.ARM.Collect$$_printf_percent$$00000016)
    _printf_percent_end                      0x08000289   Thumb Code     0  _printf_percent_end.o(.ARM.Collect$$_printf_percent$$00000017)
    __rt_lib_init                            0x0800028d   Thumb Code     0  libinit.o(.ARM.Collect$$libinit$$00000000)
    __rt_lib_init_fp_1                       0x0800028f   Thumb Code     0  libinit2.o(.ARM.Collect$$libinit$$00000001)
    __rt_lib_init_heap_1                     0x08000293   Thumb Code     0  libinit2.o(.ARM.Collect$$libinit$$00000008)
    __rt_lib_init_lc_common                  0x08000293   Thumb Code     0  libinit2.o(.ARM.Collect$$libinit$$0000000D)
    __rt_lib_init_rand_1                     0x08000293   Thumb Code     0  libinit2.o(.ARM.Collect$$libinit$$0000000C)
    __rt_lib_init_user_alloc_1               0x08000293   Thumb Code     0  libinit2.o(.ARM.Collect$$libinit$$0000000A)
    __rt_lib_init_lc_collate_1               0x08000299   Thumb Code     0  libinit2.o(.ARM.Collect$$libinit$$0000000F)
    __rt_lib_init_lc_ctype_2                 0x08000299   Thumb Code     0  libinit2.o(.ARM.Collect$$libinit$$00000010)
    __rt_lib_init_lc_ctype_1                 0x080002a5   Thumb Code     0  libinit2.o(.ARM.Collect$$libinit$$00000011)
    __rt_lib_init_lc_monetary_1              0x080002a5   Thumb Code     0  libinit2.o(.ARM.Collect$$libinit$$00000013)
    __rt_lib_init_lc_numeric_2               0x080002a5   Thumb Code     0  libinit2.o(.ARM.Collect$$libinit$$00000014)
    __rt_lib_init_alloca_1                   0x080002af   Thumb Code     0  libinit2.o(.ARM.Collect$$libinit$$0000002C)
    __rt_lib_init_argv_1                     0x080002af   Thumb Code     0  libinit2.o(.ARM.Collect$$libinit$$0000002A)
    __rt_lib_init_atexit_1                   0x080002af   Thumb Code     0  libinit2.o(.ARM.Collect$$libinit$$00000019)
    __rt_lib_init_clock_1                    0x080002af   Thumb Code     0  libinit2.o(.ARM.Collect$$libinit$$0000001F)
    __rt_lib_init_cpp_1                      0x080002af   Thumb Code     0  libinit2.o(.ARM.Collect$$libinit$$00000030)
    __rt_lib_init_exceptions_1               0x080002af   Thumb Code     0  libinit2.o(.ARM.Collect$$libinit$$0000002E)
    __rt_lib_init_fp_trap_1                  0x080002af   Thumb Code     0  libinit2.o(.ARM.Collect$$libinit$$0000001D)
    __rt_lib_init_getenv_1                   0x080002af   Thumb Code     0  libinit2.o(.ARM.Collect$$libinit$$00000021)
    __rt_lib_init_lc_numeric_1               0x080002af   Thumb Code     0  libinit2.o(.ARM.Collect$$libinit$$00000015)
    __rt_lib_init_lc_time_1                  0x080002af   Thumb Code     0  libinit2.o(.ARM.Collect$$libinit$$00000017)
    __rt_lib_init_return                     0x080002af   Thumb Code     0  libinit2.o(.ARM.Collect$$libinit$$00000031)
    __rt_lib_init_signal_1                   0x080002af   Thumb Code     0  libinit2.o(.ARM.Collect$$libinit$$0000001B)
    __rt_lib_init_stdio_1                    0x080002af   Thumb Code     0  libinit2.o(.ARM.Collect$$libinit$$00000023)
    __rt_lib_shutdown                        0x080002b1   Thumb Code     0  libshutdown.o(.ARM.Collect$$libshutdown$$00000000)
    __rt_lib_shutdown_fp_trap_1              0x080002b3   Thumb Code     0  libshutdown2.o(.ARM.Collect$$libshutdown$$00000006)
    __rt_lib_shutdown_heap_1                 0x080002b3   Thumb Code     0  libshutdown2.o(.ARM.Collect$$libshutdown$$0000000E)
    __rt_lib_shutdown_return                 0x080002b3   Thumb Code     0  libshutdown2.o(.ARM.Collect$$libshutdown$$0000000F)
    __rt_lib_shutdown_signal_1               0x080002b3   Thumb Code     0  libshutdown2.o(.ARM.Collect$$libshutdown$$00000009)
    __rt_lib_shutdown_stdio_1                0x080002b3   Thumb Code     0  libshutdown2.o(.ARM.Collect$$libshutdown$$00000003)
    __rt_lib_shutdown_user_alloc_1           0x080002b3   Thumb Code     0  libshutdown2.o(.ARM.Collect$$libshutdown$$0000000B)
    __rt_entry                               0x080002b5   Thumb Code     0  rtentry.o(.ARM.Collect$$rtentry$$00000000)
    __rt_entry_presh_1                       0x080002b5   Thumb Code     0  rtentry2.o(.ARM.Collect$$rtentry$$00000002)
    __rt_entry_sh                            0x080002b5   Thumb Code     0  rtentry4.o(.ARM.Collect$$rtentry$$00000004)
    __rt_entry_li                            0x080002bb   Thumb Code     0  rtentry2.o(.ARM.Collect$$rtentry$$0000000A)
    __rt_entry_postsh_1                      0x080002bb   Thumb Code     0  rtentry2.o(.ARM.Collect$$rtentry$$00000009)
    __rt_entry_main                          0x080002bf   Thumb Code     0  rtentry2.o(.ARM.Collect$$rtentry$$0000000D)
    __rt_entry_postli_1                      0x080002bf   Thumb Code     0  rtentry2.o(.ARM.Collect$$rtentry$$0000000C)
    __rt_exit                                0x080002c7   Thumb Code     0  rtexit.o(.ARM.Collect$$rtexit$$00000000)
    __rt_exit_ls                             0x080002c9   Thumb Code     0  rtexit2.o(.ARM.Collect$$rtexit$$00000003)
    __rt_exit_prels_1                        0x080002c9   Thumb Code     0  rtexit2.o(.ARM.Collect$$rtexit$$00000002)
    __rt_exit_exit                           0x080002cd   Thumb Code     0  rtexit2.o(.ARM.Collect$$rtexit$$00000004)
    Reset_Handler                            0x080002d5   Thumb Code     8  startup_stm32f407xx.o(.text)
    ADC_IRQHandler                           0x080002ef   Thumb Code     0  startup_stm32f407xx.o(.text)
    CAN1_RX0_IRQHandler                      0x080002ef   Thumb Code     0  startup_stm32f407xx.o(.text)
    CAN1_RX1_IRQHandler                      0x080002ef   Thumb Code     0  startup_stm32f407xx.o(.text)
    CAN1_SCE_IRQHandler                      0x080002ef   Thumb Code     0  startup_stm32f407xx.o(.text)
    CAN1_TX_IRQHandler                       0x080002ef   Thumb Code     0  startup_stm32f407xx.o(.text)
    CAN2_RX0_IRQHandler                      0x080002ef   Thumb Code     0  startup_stm32f407xx.o(.text)
    CAN2_RX1_IRQHandler                      0x080002ef   Thumb Code     0  startup_stm32f407xx.o(.text)
    CAN2_SCE_IRQHandler                      0x080002ef   Thumb Code     0  startup_stm32f407xx.o(.text)
    CAN2_TX_IRQHandler                       0x080002ef   Thumb Code     0  startup_stm32f407xx.o(.text)
    DCMI_IRQHandler                          0x080002ef   Thumb Code     0  startup_stm32f407xx.o(.text)
    DMA1_Stream0_IRQHandler                  0x080002ef   Thumb Code     0  startup_stm32f407xx.o(.text)
    DMA1_Stream1_IRQHandler                  0x080002ef   Thumb Code     0  startup_stm32f407xx.o(.text)
    DMA1_Stream2_IRQHandler                  0x080002ef   Thumb Code     0  startup_stm32f407xx.o(.text)
    DMA1_Stream3_IRQHandler                  0x080002ef   Thumb Code     0  startup_stm32f407xx.o(.text)
    DMA1_Stream4_IRQHandler                  0x080002ef   Thumb Code     0  startup_stm32f407xx.o(.text)
    DMA1_Stream5_IRQHandler                  0x080002ef   Thumb Code     0  startup_stm32f407xx.o(.text)
    DMA1_Stream6_IRQHandler                  0x080002ef   Thumb Code     0  startup_stm32f407xx.o(.text)
    DMA1_Stream7_IRQHandler                  0x080002ef   Thumb Code     0  startup_stm32f407xx.o(.text)
    DMA2_Stream0_IRQHandler                  0x080002ef   Thumb Code     0  startup_stm32f407xx.o(.text)
    DMA2_Stream1_IRQHandler                  0x080002ef   Thumb Code     0  startup_stm32f407xx.o(.text)
    DMA2_Stream3_IRQHandler                  0x080002ef   Thumb Code     0  startup_stm32f407xx.o(.text)
    DMA2_Stream4_IRQHandler                  0x080002ef   Thumb Code     0  startup_stm32f407xx.o(.text)
    DMA2_Stream5_IRQHandler                  0x080002ef   Thumb Code     0  startup_stm32f407xx.o(.text)
    DMA2_Stream6_IRQHandler                  0x080002ef   Thumb Code     0  startup_stm32f407xx.o(.text)
    ETH_IRQHandler                           0x080002ef   Thumb Code     0  startup_stm32f407xx.o(.text)
    ETH_WKUP_IRQHandler                      0x080002ef   Thumb Code     0  startup_stm32f407xx.o(.text)
    EXTI0_IRQHandler                         0x080002ef   Thumb Code     0  startup_stm32f407xx.o(.text)
    EXTI15_10_IRQHandler                     0x080002ef   Thumb Code     0  startup_stm32f407xx.o(.text)
    EXTI1_IRQHandler                         0x080002ef   Thumb Code     0  startup_stm32f407xx.o(.text)
    EXTI2_IRQHandler                         0x080002ef   Thumb Code     0  startup_stm32f407xx.o(.text)
    EXTI3_IRQHandler                         0x080002ef   Thumb Code     0  startup_stm32f407xx.o(.text)
    EXTI4_IRQHandler                         0x080002ef   Thumb Code     0  startup_stm32f407xx.o(.text)
    EXTI9_5_IRQHandler                       0x080002ef   Thumb Code     0  startup_stm32f407xx.o(.text)
    FLASH_IRQHandler                         0x080002ef   Thumb Code     0  startup_stm32f407xx.o(.text)
    FMC_IRQHandler                           0x080002ef   Thumb Code     0  startup_stm32f407xx.o(.text)
    FPU_IRQHandler                           0x080002ef   Thumb Code     0  startup_stm32f407xx.o(.text)
    HASH_RNG_IRQHandler                      0x080002ef   Thumb Code     0  startup_stm32f407xx.o(.text)
    I2C1_ER_IRQHandler                       0x080002ef   Thumb Code     0  startup_stm32f407xx.o(.text)
    I2C1_EV_IRQHandler                       0x080002ef   Thumb Code     0  startup_stm32f407xx.o(.text)
    I2C2_ER_IRQHandler                       0x080002ef   Thumb Code     0  startup_stm32f407xx.o(.text)
    I2C2_EV_IRQHandler                       0x080002ef   Thumb Code     0  startup_stm32f407xx.o(.text)
    I2C3_ER_IRQHandler                       0x080002ef   Thumb Code     0  startup_stm32f407xx.o(.text)
    I2C3_EV_IRQHandler                       0x080002ef   Thumb Code     0  startup_stm32f407xx.o(.text)
    OTG_FS_IRQHandler                        0x080002ef   Thumb Code     0  startup_stm32f407xx.o(.text)
    OTG_FS_WKUP_IRQHandler                   0x080002ef   Thumb Code     0  startup_stm32f407xx.o(.text)
    OTG_HS_EP1_IN_IRQHandler                 0x080002ef   Thumb Code     0  startup_stm32f407xx.o(.text)
    OTG_HS_EP1_OUT_IRQHandler                0x080002ef   Thumb Code     0  startup_stm32f407xx.o(.text)
    OTG_HS_IRQHandler                        0x080002ef   Thumb Code     0  startup_stm32f407xx.o(.text)
    OTG_HS_WKUP_IRQHandler                   0x080002ef   Thumb Code     0  startup_stm32f407xx.o(.text)
    PVD_IRQHandler                           0x080002ef   Thumb Code     0  startup_stm32f407xx.o(.text)
    RCC_IRQHandler                           0x080002ef   Thumb Code     0  startup_stm32f407xx.o(.text)
    RTC_Alarm_IRQHandler                     0x080002ef   Thumb Code     0  startup_stm32f407xx.o(.text)
    RTC_WKUP_IRQHandler                      0x080002ef   Thumb Code     0  startup_stm32f407xx.o(.text)
    SDIO_IRQHandler                          0x080002ef   Thumb Code     0  startup_stm32f407xx.o(.text)
    SPI1_IRQHandler                          0x080002ef   Thumb Code     0  startup_stm32f407xx.o(.text)
    SPI2_IRQHandler                          0x080002ef   Thumb Code     0  startup_stm32f407xx.o(.text)
    SPI3_IRQHandler                          0x080002ef   Thumb Code     0  startup_stm32f407xx.o(.text)
    TAMP_STAMP_IRQHandler                    0x080002ef   Thumb Code     0  startup_stm32f407xx.o(.text)
    TIM1_BRK_TIM9_IRQHandler                 0x080002ef   Thumb Code     0  startup_stm32f407xx.o(.text)
    TIM1_CC_IRQHandler                       0x080002ef   Thumb Code     0  startup_stm32f407xx.o(.text)
    TIM1_TRG_COM_TIM11_IRQHandler            0x080002ef   Thumb Code     0  startup_stm32f407xx.o(.text)
    TIM1_UP_TIM10_IRQHandler                 0x080002ef   Thumb Code     0  startup_stm32f407xx.o(.text)
    TIM2_IRQHandler                          0x080002ef   Thumb Code     0  startup_stm32f407xx.o(.text)
    TIM3_IRQHandler                          0x080002ef   Thumb Code     0  startup_stm32f407xx.o(.text)
    TIM4_IRQHandler                          0x080002ef   Thumb Code     0  startup_stm32f407xx.o(.text)
    TIM5_IRQHandler                          0x080002ef   Thumb Code     0  startup_stm32f407xx.o(.text)
    TIM6_DAC_IRQHandler                      0x080002ef   Thumb Code     0  startup_stm32f407xx.o(.text)
    TIM7_IRQHandler                          0x080002ef   Thumb Code     0  startup_stm32f407xx.o(.text)
    TIM8_BRK_TIM12_IRQHandler                0x080002ef   Thumb Code     0  startup_stm32f407xx.o(.text)
    TIM8_CC_IRQHandler                       0x080002ef   Thumb Code     0  startup_stm32f407xx.o(.text)
    TIM8_TRG_COM_TIM14_IRQHandler            0x080002ef   Thumb Code     0  startup_stm32f407xx.o(.text)
    TIM8_UP_TIM13_IRQHandler                 0x080002ef   Thumb Code     0  startup_stm32f407xx.o(.text)
    UART4_IRQHandler                         0x080002ef   Thumb Code     0  startup_stm32f407xx.o(.text)
    UART5_IRQHandler                         0x080002ef   Thumb Code     0  startup_stm32f407xx.o(.text)
    USART2_IRQHandler                        0x080002ef   Thumb Code     0  startup_stm32f407xx.o(.text)
    USART3_IRQHandler                        0x080002ef   Thumb Code     0  startup_stm32f407xx.o(.text)
    USART6_IRQHandler                        0x080002ef   Thumb Code     0  startup_stm32f407xx.o(.text)
    WWDG_IRQHandler                          0x080002ef   Thumb Code     0  startup_stm32f407xx.o(.text)
    __user_initial_stackheap                 0x080002f1   Thumb Code     0  startup_stm32f407xx.o(.text)
    __aeabi_uldivmod                         0x08000315   Thumb Code     0  lludivv7m.o(.text)
    _ll_udiv                                 0x08000315   Thumb Code   238  lludivv7m.o(.text)
    vsnprintf                                0x08000405   Thumb Code    48  vsnprintf.o(.text)
    __aeabi_memclr4                          0x08000439   Thumb Code     0  rt_memclr_w.o(.text)
    __aeabi_memclr8                          0x08000439   Thumb Code     0  rt_memclr_w.o(.text)
    __rt_memclr_w                            0x08000439   Thumb Code    78  rt_memclr_w.o(.text)
    _memset_w                                0x0800043d   Thumb Code     0  rt_memclr_w.o(.text)
    __use_two_region_memory                  0x08000487   Thumb Code     2  heapauxi.o(.text)
    __rt_heap_escrow$2region                 0x08000489   Thumb Code     2  heapauxi.o(.text)
    __rt_heap_expand$2region                 0x0800048b   Thumb Code     2  heapauxi.o(.text)
    __read_errno                             0x0800048d   Thumb Code    10  _rserrno.o(.text)
    __set_errno                              0x08000497   Thumb Code    12  _rserrno.o(.text)
    _printf_pre_padding                      0x080004a3   Thumb Code    44  _printf_pad.o(.text)
    _printf_post_padding                     0x080004cf   Thumb Code    34  _printf_pad.o(.text)
    _printf_truncate_signed                  0x080004f1   Thumb Code    18  _printf_truncate.o(.text)
    _printf_truncate_unsigned                0x08000503   Thumb Code    18  _printf_truncate.o(.text)
    _printf_str                              0x08000515   Thumb Code    82  _printf_str.o(.text)
    _printf_int_dec                          0x08000569   Thumb Code   100  _printf_dec.o(.text)
    _printf_charcount                        0x080005dd   Thumb Code    40  _printf_charcount.o(.text)
    _printf_char_common                      0x0800060f   Thumb Code    32  _printf_char_common.o(.text)
    _sputc                                   0x08000635   Thumb Code    10  _sputc.o(.text)
    _snputc                                  0x0800063f   Thumb Code    16  _snputc.o(.text)
    _printf_wctomb                           0x08000651   Thumb Code   182  _printf_wctomb.o(.text)
    _printf_longlong_dec                     0x0800070d   Thumb Code   104  _printf_longlong_dec.o(.text)
    _printf_longlong_oct                     0x08000785   Thumb Code    68  _printf_oct_int_ll.o(.text)
    _printf_int_oct                          0x080007c9   Thumb Code    24  _printf_oct_int_ll.o(.text)
    _printf_ll_oct                           0x080007e1   Thumb Code    12  _printf_oct_int_ll.o(.text)
    _printf_longlong_hex                     0x080007f5   Thumb Code    86  _printf_hex_int_ll_ptr.o(.text)
    _printf_int_hex                          0x0800084b   Thumb Code    28  _printf_hex_int_ll_ptr.o(.text)
    _printf_ll_hex                           0x08000867   Thumb Code    12  _printf_hex_int_ll_ptr.o(.text)
    _printf_hex_ptr                          0x08000873   Thumb Code    18  _printf_hex_int_ll_ptr.o(.text)
    __printf                                 0x08000889   Thumb Code   388  __printf_flags_ss_wp.o(.text)
    __aeabi_errno_addr                       0x08000a11   Thumb Code     8  rt_errno_addr_intlibspace.o(.text)
    __errno$intlibspace                      0x08000a11   Thumb Code     0  rt_errno_addr_intlibspace.o(.text)
    __rt_errno_addr$intlibspace              0x08000a11   Thumb Code     0  rt_errno_addr_intlibspace.o(.text)
    _ll_udiv10                               0x08000a19   Thumb Code   138  lludiv10.o(.text)
    _printf_int_common                       0x08000aa3   Thumb Code   178  _printf_intcommon.o(.text)
    __lib_sel_fp_printf                      0x08000b55   Thumb Code     2  _printf_fp_dec.o(.text)
    _printf_fp_dec_real                      0x08000d03   Thumb Code   616  _printf_fp_dec.o(.text)
    _printf_fp_hex_real                      0x08000f6d   Thumb Code   750  _printf_fp_hex.o(.text)
    _printf_cs_common                        0x08001265   Thumb Code    20  _printf_char.o(.text)
    _printf_char                             0x08001279   Thumb Code    16  _printf_char.o(.text)
    _printf_string                           0x08001289   Thumb Code     8  _printf_char.o(.text)
    _printf_lcs_common                       0x08001291   Thumb Code    20  _printf_wchar.o(.text)
    _printf_wchar                            0x080012a5   Thumb Code    16  _printf_wchar.o(.text)
    _printf_wstring                          0x080012b5   Thumb Code     8  _printf_wchar.o(.text)
    _wcrtomb                                 0x080012bd   Thumb Code    64  _wcrtomb.o(.text)
    __user_libspace                          0x080012fd   Thumb Code     8  libspace.o(.text)
    __user_perproc_libspace                  0x080012fd   Thumb Code     0  libspace.o(.text)
    __user_perthread_libspace                0x080012fd   Thumb Code     0  libspace.o(.text)
    __user_setup_stackheap                   0x08001305   Thumb Code    74  sys_stackheap_outer.o(.text)
    __rt_ctype_table                         0x08001351   Thumb Code    16  rt_ctype_table.o(.text)
    __rt_locale                              0x08001361   Thumb Code     8  rt_locale_intlibspace.o(.text)
    _printf_fp_infnan                        0x08001369   Thumb Code   112  _printf_fp_infnan.o(.text)
    _btod_etento                             0x080013e9   Thumb Code   212  bigflt0.o(.text)
    exit                                     0x080014c1   Thumb Code    12  exit.o(.text)
    strcmp                                   0x080014cd   Thumb Code   128  strcmpv7m.o(.text)
    _sys_exit                                0x0800154d   Thumb Code     8  sys_exit.o(.text)
    __I$use$semihosting                      0x08001559   Thumb Code     0  use_no_semi.o(.text)
    __use_no_semihosting_swi                 0x08001559   Thumb Code     2  use_no_semi.o(.text)
    __semihosting_library_function           0x0800155b   Thumb Code     0  indicate_semi.o(.text)
    _btod_d2e                                0x0800155b   Thumb Code    62  btod.o(CL$$btod_d2e)
    _d2e_denorm_low                          0x08001599   Thumb Code    70  btod.o(CL$$btod_d2e_denorm_low)
    _d2e_norm_op1                            0x080015df   Thumb Code    96  btod.o(CL$$btod_d2e_norm_op1)
    __btod_div_common                        0x0800163f   Thumb Code   696  btod.o(CL$$btod_div_common)
    _e2e                                     0x08001977   Thumb Code   198  btod.o(CL$$btod_e2e)
    _btod_ediv                               0x08001a3d   Thumb Code    40  btod.o(CL$$btod_ediv)
    _btod_emul                               0x08001a65   Thumb Code    40  btod.o(CL$$btod_emul)
    __btod_mult_common                       0x08001a8d   Thumb Code   580  btod.o(CL$$btod_mult_common)
    ADS1256_CfgADC                           0x08001cd1   Thumb Code   112  ads1256.o(i.ADS1256_CfgADC)
    ADS1256_GPIO_Init                        0x08001d45   Thumb Code   156  ads1256.o(i.ADS1256_GPIO_Init)
    ADS1256_GetAdc                           0x08001ded   Thumb Code   118  ads1256.o(i.ADS1256_GetAdc)
    ADS1256_GetChipID                        0x08001e6d   Thumb Code    12  ads1256.o(i.ADS1256_GetChipID)
    ADS1256_ReadReg                          0x08001e79   Thumb Code    56  ads1256.o(i.ADS1256_ReadReg)
    ADS1256_WriteCmd                         0x08001f4d   Thumb Code    36  ads1256.o(i.ADS1256_WriteCmd)
    ADS1256_WriteReg                         0x08001f75   Thumb Code    52  ads1256.o(i.ADS1256_WriteReg)
    BusFault_Handler                         0x08001fad   Thumb Code     2  stm32f4xx_it.o(i.BusFault_Handler)
    DAC8568_Init                             0x08002055   Thumb Code    46  dac8568c.o(i.DAC8568_Init)
    DAC8568_SetVoltage                       0x080020d5   Thumb Code    50  dac8568c.o(i.DAC8568_SetVoltage)
    DMA2_Stream2_IRQHandler                  0x08002215   Thumb Code     6  stm32f4xx_it.o(i.DMA2_Stream2_IRQHandler)
    DMA2_Stream7_IRQHandler                  0x08002221   Thumb Code     6  stm32f4xx_it.o(i.DMA2_Stream7_IRQHandler)
    DebugMon_Handler                         0x080022d1   Thumb Code     2  stm32f4xx_it.o(i.DebugMon_Handler)
    Error_Handler                            0x080022d3   Thumb Code     4  main.o(i.Error_Handler)
    HAL_DMA_Abort                            0x080022d7   Thumb Code   146  stm32f4xx_hal_dma.o(i.HAL_DMA_Abort)
    HAL_DMA_Abort_IT                         0x08002369   Thumb Code    36  stm32f4xx_hal_dma.o(i.HAL_DMA_Abort_IT)
    HAL_DMA_GetState                         0x0800238d   Thumb Code     6  stm32f4xx_hal_dma.o(i.HAL_DMA_GetState)
    HAL_DMA_IRQHandler                       0x08002395   Thumb Code   412  stm32f4xx_hal_dma.o(i.HAL_DMA_IRQHandler)
    HAL_DMA_Init                             0x08002535   Thumb Code   206  stm32f4xx_hal_dma.o(i.HAL_DMA_Init)
    HAL_DMA_Start_IT                         0x08002609   Thumb Code   110  stm32f4xx_hal_dma.o(i.HAL_DMA_Start_IT)
    HAL_Delay                                0x08002679   Thumb Code    32  stm32f4xx_hal.o(i.HAL_Delay)
    HAL_GPIO_Init                            0x0800269d   Thumb Code   450  stm32f4xx_hal_gpio.o(i.HAL_GPIO_Init)
    HAL_GPIO_ReadPin                         0x0800288d   Thumb Code    10  stm32f4xx_hal_gpio.o(i.HAL_GPIO_ReadPin)
    HAL_GPIO_WritePin                        0x08002897   Thumb Code    10  stm32f4xx_hal_gpio.o(i.HAL_GPIO_WritePin)
    HAL_GetTick                              0x080028a1   Thumb Code     6  stm32f4xx_hal.o(i.HAL_GetTick)
    HAL_IncTick                              0x080028ad   Thumb Code    12  stm32f4xx_hal.o(i.HAL_IncTick)
    HAL_Init                                 0x080028bd   Thumb Code    48  stm32f4xx_hal.o(i.HAL_Init)
    HAL_InitTick                             0x080028f1   Thumb Code    54  stm32f4xx_hal.o(i.HAL_InitTick)
    HAL_MspInit                              0x08002931   Thumb Code    42  stm32f4xx_hal_msp.o(i.HAL_MspInit)
    HAL_NVIC_EnableIRQ                       0x08002961   Thumb Code    26  stm32f4xx_hal_cortex.o(i.HAL_NVIC_EnableIRQ)
    HAL_NVIC_SetPriority                     0x0800297d   Thumb Code    60  stm32f4xx_hal_cortex.o(i.HAL_NVIC_SetPriority)
    HAL_NVIC_SetPriorityGrouping             0x080029bd   Thumb Code    26  stm32f4xx_hal_cortex.o(i.HAL_NVIC_SetPriorityGrouping)
    HAL_RCC_ClockConfig                      0x080029e1   Thumb Code   288  stm32f4xx_hal_rcc.o(i.HAL_RCC_ClockConfig)
    HAL_RCC_GetPCLK1Freq                     0x08002b15   Thumb Code    20  stm32f4xx_hal_rcc.o(i.HAL_RCC_GetPCLK1Freq)
    HAL_RCC_GetPCLK2Freq                     0x08002b35   Thumb Code    20  stm32f4xx_hal_rcc.o(i.HAL_RCC_GetPCLK2Freq)
    HAL_RCC_GetSysClockFreq                  0x08002b55   Thumb Code    88  stm32f4xx_hal_rcc.o(i.HAL_RCC_GetSysClockFreq)
    HAL_RCC_OscConfig                        0x08002bb9   Thumb Code   856  stm32f4xx_hal_rcc.o(i.HAL_RCC_OscConfig)
    HAL_SPI_Init                             0x08002f25   Thumb Code   188  stm32f4xx_hal_spi.o(i.HAL_SPI_Init)
    HAL_SPI_MspInit                          0x08002fe1   Thumb Code    92  spi.o(i.HAL_SPI_MspInit)
    HAL_SYSTICK_Config                       0x08003049   Thumb Code    40  stm32f4xx_hal_cortex.o(i.HAL_SYSTICK_Config)
    HAL_UARTEx_RxEventCallback               0x08003071   Thumb Code     2  stm32f4xx_hal_uart.o(i.HAL_UARTEx_RxEventCallback)
    HAL_UART_ErrorCallback                   0x08003073   Thumb Code     2  stm32f4xx_hal_uart.o(i.HAL_UART_ErrorCallback)
    HAL_UART_IRQHandler                      0x08003075   Thumb Code   636  stm32f4xx_hal_uart.o(i.HAL_UART_IRQHandler)
    HAL_UART_Init                            0x080032f5   Thumb Code   100  stm32f4xx_hal_uart.o(i.HAL_UART_Init)
    HAL_UART_MspInit                         0x08003359   Thumb Code   212  usart.o(i.HAL_UART_MspInit)
    HAL_UART_Receive_DMA                     0x08003441   Thumb Code    28  stm32f4xx_hal_uart.o(i.HAL_UART_Receive_DMA)
    HAL_UART_RxCpltCallback                  0x0800345d   Thumb Code     2  stm32f4xx_hal_uart.o(i.HAL_UART_RxCpltCallback)
    HAL_UART_RxHalfCpltCallback              0x0800345f   Thumb Code     2  stm32f4xx_hal_uart.o(i.HAL_UART_RxHalfCpltCallback)
    HAL_UART_Transmit                        0x08003461   Thumb Code   160  stm32f4xx_hal_uart.o(i.HAL_UART_Transmit)
    HAL_UART_Transmit_DMA                    0x08003501   Thumb Code   120  stm32f4xx_hal_uart.o(i.HAL_UART_Transmit_DMA)
    HAL_UART_TxCpltCallback                  0x08003585   Thumb Code     2  stm32f4xx_hal_uart.o(i.HAL_UART_TxCpltCallback)
    HAL_UART_TxHalfCpltCallback              0x08003587   Thumb Code     2  stm32f4xx_hal_uart.o(i.HAL_UART_TxHalfCpltCallback)
    HardFault_Handler                        0x08003589   Thumb Code     2  stm32f4xx_it.o(i.HardFault_Handler)
    MX_DMA_Init                              0x0800358d   Thumb Code    56  dma.o(i.MX_DMA_Init)
    MX_GPIO_Init                             0x080035c9   Thumb Code   260  gpio.o(i.MX_GPIO_Init)
    MX_SPI1_Init                             0x080036e1   Thumb Code    62  spi.o(i.MX_SPI1_Init)
    MX_USART1_UART_Init                      0x08003729   Thumb Code    48  usart.o(i.MX_USART1_UART_Init)
    MemManage_Handler                        0x08003761   Thumb Code     2  stm32f4xx_it.o(i.MemManage_Handler)
    NMI_Handler                              0x08003763   Thumb Code     2  stm32f4xx_it.o(i.NMI_Handler)
    PID_Init                                 0x08003765   Thumb Code    52  pid.o(i.PID_Init)
    PendSV_Handler                           0x0800379d   Thumb Code     2  stm32f4xx_it.o(i.PendSV_Handler)
    Protocol_CalcChecksum                    0x0800379f   Thumb Code    30  protocol.o(i.Protocol_CalcChecksum)
    Protocol_Init                            0x080037bd   Thumb Code    34  protocol.o(i.Protocol_Init)
    Protocol_ProcessPacket                   0x080037e5   Thumb Code   220  protocol.o(i.Protocol_ProcessPacket)
    SVC_Handler                              0x080038c5   Thumb Code     2  stm32f4xx_it.o(i.SVC_Handler)
    SysTick_Handler                          0x08003a8d   Thumb Code     4  stm32f4xx_it.o(i.SysTick_Handler)
    SystemClock_Config                       0x08003a91   Thumb Code   142  main.o(i.SystemClock_Config)
    SystemInit                               0x08003b29   Thumb Code    12  system_stm32f4xx.o(i.SystemInit)
    UART_Config                              0x08003b39   Thumb Code    24  bsp_uart.o(i.UART_Config)
    UART_DMA_Send                            0x08003ca1   Thumb Code    30  bsp_uart.o(i.UART_DMA_Send)
    UART_IDLE_IRQHandler                     0x08003d35   Thumb Code    74  bsp_uart.o(i.UART_IDLE_IRQHandler)
    UART_Start_Receive_DMA                   0x08003f55   Thumb Code   146  stm32f4xx_hal_uart.o(i.UART_Start_Receive_DMA)
    USART1_IRQHandler                        0x08004069   Thumb Code    16  stm32f4xx_it.o(i.USART1_IRQHandler)
    UsageFault_Handler                       0x0800407d   Thumb Code     2  stm32f4xx_it.o(i.UsageFault_Handler)
    __ARM_fpclassify                         0x0800407f   Thumb Code    48  fpclassify.o(i.__ARM_fpclassify)
    __ARM_fpclassifyf                        0x080040af   Thumb Code    38  fpclassifyf.o(i.__ARM_fpclassifyf)
    __hardfp_sinf                            0x080040f5   Thumb Code   336  sinf.o(i.__hardfp_sinf)
    __mathlib_flt_underflow                  0x08004281   Thumb Code    10  funder.o(i.__mathlib_flt_underflow)
    __mathlib_rredf2                         0x08004291   Thumb Code   296  rredf.o(i.__mathlib_rredf2)
    _is_digit                                0x080043d1   Thumb Code    14  __printf_wp.o(i._is_digit)
    main                                     0x08004415   Thumb Code   778  main.o(i.main)
    _get_lc_numeric                          0x08004771   Thumb Code    44  lc_numeric_c.o(locale$$code)
    _get_lc_ctype                            0x0800479d   Thumb Code    44  lc_ctype_c.o(locale$$code)
    _fp_init                                 0x080047c9   Thumb Code    10  fpinit.o(x$fpl$fpinit)
    __fplib_config_fpu_vfp                   0x080047d1   Thumb Code     0  fpinit.o(x$fpl$fpinit)
    __fplib_config_pureend_doubles           0x080047d1   Thumb Code     0  fpinit.o(x$fpl$fpinit)
    _printf_fp_dec                           0x080047d3   Thumb Code     4  printf1.o(x$fpl$printf1)
    _printf_fp_hex                           0x080047d7   Thumb Code     4  printf2.o(x$fpl$printf2)
    __I$use$fp                               0x080047da   Number         0  usenofp.o(x$fpl$usenofp)
    AHBPrescTable                            0x080047e2   Data          16  system_stm32f4xx.o(.constdata)
    APBPrescTable                            0x080047f2   Data           8  system_stm32f4xx.o(.constdata)
    Region$$Table$$Base                      0x0800491c   Number         0  anon$$obj.o(Region$$Table)
    Region$$Table$$Limit                     0x0800493c   Number         0  anon$$obj.o(Region$$Table)
    __ctype                                  0x08004965   Data           0  lc_ctype_c.o(locale$$data)
    ads_id                                   0x20000000   Data           1  main.o(.data)
    adc_val                                  0x20000004   Data           4  main.o(.data)
    voltage                                  0x20000008   Data           4  main.o(.data)
    last_tick                                0x2000000c   Data           4  main.o(.data)
    dt                                       0x20000010   Data           4  main.o(.data)
    wave_phase                               0x20000014   Data           4  main.o(.data)
    uwTickFreq                               0x20000018   Data           1  stm32f4xx_hal.o(.data)
    uwTickPrio                               0x2000001c   Data           4  stm32f4xx_hal.o(.data)
    uwTick                                   0x20000020   Data           4  stm32f4xx_hal.o(.data)
    SystemCoreClock                          0x20000024   Data           4  system_stm32f4xx.o(.data)
    Uart_RxBuffer                            0x20000028   Data         256  bsp_uart.o(.bss)
    sys_params                               0x20000214   Data          68  protocol.o(.bss)
    pid                                      0x20000258   Data          64  main.o(.bss)
    huart1                                   0x20000298   Data          72  usart.o(.bss)
    hdma_usart1_rx                           0x200002e0   Data          96  usart.o(.bss)
    hdma_usart1_tx                           0x20000340   Data          96  usart.o(.bss)
    hspi1                                    0x200003a0   Data          88  spi.o(.bss)
    __libspace_start                         0x200003f8   Data          96  libspace.o(.bss)
    __temporary_stack_top$libspace           0x20000458   Data           0  libspace.o(.bss)



==============================================================================

Memory Map of the image

  Image Entry point : 0x08000189

  Load Region LR_IROM1 (Base: 0x08000000, Size: 0x00004a90, Max: 0x00080000, ABSOLUTE)

    Execution Region ER_IROM1 (Base: 0x08000000, Size: 0x00004a68, Max: 0x00080000, ABSOLUTE)

    Base Addr    Size         Type   Attr      Idx    E Section Name        Object

    0x08000000   0x00000188   Data   RO            3    RESET               startup_stm32f407xx.o
    0x08000188   0x00000008   Code   RO         2589  * !!!main             c_w.l(__main.o)
    0x08000190   0x00000034   Code   RO         2945    !!!scatter          c_w.l(__scatter.o)
    0x080001c4   0x0000001a   Code   RO         2947    !!handler_copy      c_w.l(__scatter_copy.o)
    0x080001de   0x00000002   PAD
    0x080001e0   0x0000001c   Code   RO         2949    !!handler_zi        c_w.l(__scatter_zi.o)
    0x080001fc   0x00000000   Code   RO         2693    .ARM.Collect$$_printf_percent$$00000000  c_w.l(_printf_percent.o)
    0x080001fc   0x00000006   Code   RO         2682    .ARM.Collect$$_printf_percent$$00000001  c_w.l(_printf_n.o)
    0x08000202   0x00000006   Code   RO         2684    .ARM.Collect$$_printf_percent$$00000002  c_w.l(_printf_p.o)
    0x08000208   0x00000006   Code   RO         2689    .ARM.Collect$$_printf_percent$$00000003  c_w.l(_printf_f.o)
    0x0800020e   0x00000006   Code   RO         2690    .ARM.Collect$$_printf_percent$$00000004  c_w.l(_printf_e.o)
    0x08000214   0x00000006   Code   RO         2691    .ARM.Collect$$_printf_percent$$00000005  c_w.l(_printf_g.o)
    0x0800021a   0x00000006   Code   RO         2692    .ARM.Collect$$_printf_percent$$00000006  c_w.l(_printf_a.o)
    0x08000220   0x0000000a   Code   RO         2697    .ARM.Collect$$_printf_percent$$00000007  c_w.l(_printf_ll.o)
    0x0800022a   0x00000006   Code   RO         2686    .ARM.Collect$$_printf_percent$$00000008  c_w.l(_printf_i.o)
    0x08000230   0x00000006   Code   RO         2687    .ARM.Collect$$_printf_percent$$00000009  c_w.l(_printf_d.o)
    0x08000236   0x00000006   Code   RO         2688    .ARM.Collect$$_printf_percent$$0000000A  c_w.l(_printf_u.o)
    0x0800023c   0x00000006   Code   RO         2685    .ARM.Collect$$_printf_percent$$0000000B  c_w.l(_printf_o.o)
    0x08000242   0x00000006   Code   RO         2683    .ARM.Collect$$_printf_percent$$0000000C  c_w.l(_printf_x.o)
    0x08000248   0x00000006   Code   RO         2694    .ARM.Collect$$_printf_percent$$0000000D  c_w.l(_printf_lli.o)
    0x0800024e   0x00000006   Code   RO         2695    .ARM.Collect$$_printf_percent$$0000000E  c_w.l(_printf_lld.o)
    0x08000254   0x00000006   Code   RO         2696    .ARM.Collect$$_printf_percent$$0000000F  c_w.l(_printf_llu.o)
    0x0800025a   0x00000006   Code   RO         2701    .ARM.Collect$$_printf_percent$$00000010  c_w.l(_printf_llo.o)
    0x08000260   0x00000006   Code   RO         2702    .ARM.Collect$$_printf_percent$$00000011  c_w.l(_printf_llx.o)
    0x08000266   0x0000000a   Code   RO         2698    .ARM.Collect$$_printf_percent$$00000012  c_w.l(_printf_l.o)
    0x08000270   0x00000006   Code   RO         2680    .ARM.Collect$$_printf_percent$$00000013  c_w.l(_printf_c.o)
    0x08000276   0x00000006   Code   RO         2681    .ARM.Collect$$_printf_percent$$00000014  c_w.l(_printf_s.o)
    0x0800027c   0x00000006   Code   RO         2699    .ARM.Collect$$_printf_percent$$00000015  c_w.l(_printf_lc.o)
    0x08000282   0x00000006   Code   RO         2700    .ARM.Collect$$_printf_percent$$00000016  c_w.l(_printf_ls.o)
    0x08000288   0x00000004   Code   RO         2756    .ARM.Collect$$_printf_percent$$00000017  c_w.l(_printf_percent_end.o)
    0x0800028c   0x00000002   Code   RO         2812    .ARM.Collect$$libinit$$00000000  c_w.l(libinit.o)
    0x0800028e   0x00000004   Code   RO         2830    .ARM.Collect$$libinit$$00000001  c_w.l(libinit2.o)
    0x08000292   0x00000000   Code   RO         2834    .ARM.Collect$$libinit$$00000008  c_w.l(libinit2.o)
    0x08000292   0x00000000   Code   RO         2836    .ARM.Collect$$libinit$$0000000A  c_w.l(libinit2.o)
    0x08000292   0x00000000   Code   RO         2838    .ARM.Collect$$libinit$$0000000C  c_w.l(libinit2.o)
    0x08000292   0x00000006   Code   RO         2839    .ARM.Collect$$libinit$$0000000D  c_w.l(libinit2.o)
    0x08000298   0x00000000   Code   RO         2841    .ARM.Collect$$libinit$$0000000F  c_w.l(libinit2.o)
    0x08000298   0x0000000c   Code   RO         2842    .ARM.Collect$$libinit$$00000010  c_w.l(libinit2.o)
    0x080002a4   0x00000000   Code   RO         2843    .ARM.Collect$$libinit$$00000011  c_w.l(libinit2.o)
    0x080002a4   0x00000000   Code   RO         2845    .ARM.Collect$$libinit$$00000013  c_w.l(libinit2.o)
    0x080002a4   0x0000000a   Code   RO         2846    .ARM.Collect$$libinit$$00000014  c_w.l(libinit2.o)
    0x080002ae   0x00000000   Code   RO         2847    .ARM.Collect$$libinit$$00000015  c_w.l(libinit2.o)
    0x080002ae   0x00000000   Code   RO         2849    .ARM.Collect$$libinit$$00000017  c_w.l(libinit2.o)
    0x080002ae   0x00000000   Code   RO         2851    .ARM.Collect$$libinit$$00000019  c_w.l(libinit2.o)
    0x080002ae   0x00000000   Code   RO         2853    .ARM.Collect$$libinit$$0000001B  c_w.l(libinit2.o)
    0x080002ae   0x00000000   Code   RO         2855    .ARM.Collect$$libinit$$0000001D  c_w.l(libinit2.o)
    0x080002ae   0x00000000   Code   RO         2857    .ARM.Collect$$libinit$$0000001F  c_w.l(libinit2.o)
    0x080002ae   0x00000000   Code   RO         2859    .ARM.Collect$$libinit$$00000021  c_w.l(libinit2.o)
    0x080002ae   0x00000000   Code   RO         2861    .ARM.Collect$$libinit$$00000023  c_w.l(libinit2.o)
    0x080002ae   0x00000000   Code   RO         2865    .ARM.Collect$$libinit$$0000002A  c_w.l(libinit2.o)
    0x080002ae   0x00000000   Code   RO         2867    .ARM.Collect$$libinit$$0000002C  c_w.l(libinit2.o)
    0x080002ae   0x00000000   Code   RO         2869    .ARM.Collect$$libinit$$0000002E  c_w.l(libinit2.o)
    0x080002ae   0x00000000   Code   RO         2871    .ARM.Collect$$libinit$$00000030  c_w.l(libinit2.o)
    0x080002ae   0x00000002   Code   RO         2872    .ARM.Collect$$libinit$$00000031  c_w.l(libinit2.o)
    0x080002b0   0x00000002   Code   RO         2903    .ARM.Collect$$libshutdown$$00000000  c_w.l(libshutdown.o)
    0x080002b2   0x00000000   Code   RO         2930    .ARM.Collect$$libshutdown$$00000003  c_w.l(libshutdown2.o)
    0x080002b2   0x00000000   Code   RO         2933    .ARM.Collect$$libshutdown$$00000006  c_w.l(libshutdown2.o)
    0x080002b2   0x00000000   Code   RO         2936    .ARM.Collect$$libshutdown$$00000009  c_w.l(libshutdown2.o)
    0x080002b2   0x00000000   Code   RO         2938    .ARM.Collect$$libshutdown$$0000000B  c_w.l(libshutdown2.o)
    0x080002b2   0x00000000   Code   RO         2941    .ARM.Collect$$libshutdown$$0000000E  c_w.l(libshutdown2.o)
    0x080002b2   0x00000002   Code   RO         2942    .ARM.Collect$$libshutdown$$0000000F  c_w.l(libshutdown2.o)
    0x080002b4   0x00000000   Code   RO         2603    .ARM.Collect$$rtentry$$00000000  c_w.l(rtentry.o)
    0x080002b4   0x00000000   Code   RO         2720    .ARM.Collect$$rtentry$$00000002  c_w.l(rtentry2.o)
    0x080002b4   0x00000006   Code   RO         2732    .ARM.Collect$$rtentry$$00000004  c_w.l(rtentry4.o)
    0x080002ba   0x00000000   Code   RO         2722    .ARM.Collect$$rtentry$$00000009  c_w.l(rtentry2.o)
    0x080002ba   0x00000004   Code   RO         2723    .ARM.Collect$$rtentry$$0000000A  c_w.l(rtentry2.o)
    0x080002be   0x00000000   Code   RO         2725    .ARM.Collect$$rtentry$$0000000C  c_w.l(rtentry2.o)
    0x080002be   0x00000008   Code   RO         2726    .ARM.Collect$$rtentry$$0000000D  c_w.l(rtentry2.o)
    0x080002c6   0x00000002   Code   RO         2817    .ARM.Collect$$rtexit$$00000000  c_w.l(rtexit.o)
    0x080002c8   0x00000000   Code   RO         2876    .ARM.Collect$$rtexit$$00000002  c_w.l(rtexit2.o)
    0x080002c8   0x00000004   Code   RO         2877    .ARM.Collect$$rtexit$$00000003  c_w.l(rtexit2.o)
    0x080002cc   0x00000006   Code   RO         2878    .ARM.Collect$$rtexit$$00000004  c_w.l(rtexit2.o)
    0x080002d2   0x00000002   PAD
    0x080002d4   0x00000040   Code   RO            4    .text               startup_stm32f407xx.o
    0x08000314   0x000000ee   Code   RO         2581    .text               c_w.l(lludivv7m.o)
    0x08000402   0x00000002   PAD
    0x08000404   0x00000034   Code   RO         2583    .text               c_w.l(vsnprintf.o)
    0x08000438   0x0000004e   Code   RO         2585    .text               c_w.l(rt_memclr_w.o)
    0x08000486   0x00000006   Code   RO         2587    .text               c_w.l(heapauxi.o)
    0x0800048c   0x00000016   Code   RO         2608    .text               c_w.l(_rserrno.o)
    0x080004a2   0x0000004e   Code   RO         2612    .text               c_w.l(_printf_pad.o)
    0x080004f0   0x00000024   Code   RO         2614    .text               c_w.l(_printf_truncate.o)
    0x08000514   0x00000052   Code   RO         2616    .text               c_w.l(_printf_str.o)
    0x08000566   0x00000002   PAD
    0x08000568   0x00000074   Code   RO         2618    .text               c_w.l(_printf_dec.o)
    0x080005dc   0x00000028   Code   RO         2620    .text               c_w.l(_printf_charcount.o)
    0x08000604   0x00000030   Code   RO         2622    .text               c_w.l(_printf_char_common.o)
    0x08000634   0x0000000a   Code   RO         2624    .text               c_w.l(_sputc.o)
    0x0800063e   0x00000010   Code   RO         2626    .text               c_w.l(_snputc.o)
    0x0800064e   0x00000002   PAD
    0x08000650   0x000000bc   Code   RO         2628    .text               c_w.l(_printf_wctomb.o)
    0x0800070c   0x00000078   Code   RO         2631    .text               c_w.l(_printf_longlong_dec.o)
    0x08000784   0x00000070   Code   RO         2637    .text               c_w.l(_printf_oct_int_ll.o)
    0x080007f4   0x00000094   Code   RO         2657    .text               c_w.l(_printf_hex_int_ll_ptr.o)
    0x08000888   0x00000188   Code   RO         2677    .text               c_w.l(__printf_flags_ss_wp.o)
    0x08000a10   0x00000008   Code   RO         2739    .text               c_w.l(rt_errno_addr_intlibspace.o)
    0x08000a18   0x0000008a   Code   RO         2741    .text               c_w.l(lludiv10.o)
    0x08000aa2   0x000000b2   Code   RO         2743    .text               c_w.l(_printf_intcommon.o)
    0x08000b54   0x00000416   Code   RO         2745    .text               c_w.l(_printf_fp_dec.o)
    0x08000f6a   0x00000002   PAD
    0x08000f6c   0x000002f8   Code   RO         2747    .text               c_w.l(_printf_fp_hex.o)
    0x08001264   0x0000002c   Code   RO         2752    .text               c_w.l(_printf_char.o)
    0x08001290   0x0000002c   Code   RO         2754    .text               c_w.l(_printf_wchar.o)
    0x080012bc   0x00000040   Code   RO         2757    .text               c_w.l(_wcrtomb.o)
    0x080012fc   0x00000008   Code   RO         2759    .text               c_w.l(libspace.o)
    0x08001304   0x0000004a   Code   RO         2762    .text               c_w.l(sys_stackheap_outer.o)
    0x0800134e   0x00000002   PAD
    0x08001350   0x00000010   Code   RO         2764    .text               c_w.l(rt_ctype_table.o)
    0x08001360   0x00000008   Code   RO         2769    .text               c_w.l(rt_locale_intlibspace.o)
    0x08001368   0x00000080   Code   RO         2771    .text               c_w.l(_printf_fp_infnan.o)
    0x080013e8   0x000000d8   Code   RO         2773    .text               c_w.l(bigflt0.o)
    0x080014c0   0x0000000c   Code   RO         2801    .text               c_w.l(exit.o)
    0x080014cc   0x00000080   Code   RO         2828    .text               c_w.l(strcmpv7m.o)
    0x0800154c   0x0000000c   Code   RO         2873    .text               c_w.l(sys_exit.o)
    0x08001558   0x00000002   Code   RO         2892    .text               c_w.l(use_no_semi.o)
    0x0800155a   0x00000000   Code   RO         2894    .text               c_w.l(indicate_semi.o)
    0x0800155a   0x0000003e   Code   RO         2776    CL$$btod_d2e        c_w.l(btod.o)
    0x08001598   0x00000046   Code   RO         2778    CL$$btod_d2e_denorm_low  c_w.l(btod.o)
    0x080015de   0x00000060   Code   RO         2777    CL$$btod_d2e_norm_op1  c_w.l(btod.o)
    0x0800163e   0x00000338   Code   RO         2786    CL$$btod_div_common  c_w.l(btod.o)
    0x08001976   0x000000c6   Code   RO         2783    CL$$btod_e2e        c_w.l(btod.o)
    0x08001a3c   0x00000028   Code   RO         2780    CL$$btod_ediv       c_w.l(btod.o)
    0x08001a64   0x00000028   Code   RO         2779    CL$$btod_emul       c_w.l(btod.o)
    0x08001a8c   0x00000244   Code   RO         2785    CL$$btod_mult_common  c_w.l(btod.o)
    0x08001cd0   0x00000074   Code   RO          598    i.ADS1256_CfgADC    ads1256.o
    0x08001d44   0x000000a8   Code   RO          599    i.ADS1256_GPIO_Init  ads1256.o
    0x08001dec   0x00000080   Code   RO          600    i.ADS1256_GetAdc    ads1256.o
    0x08001e6c   0x0000000c   Code   RO          601    i.ADS1256_GetChipID  ads1256.o
    0x08001e78   0x0000003c   Code   RO          602    i.ADS1256_ReadReg   ads1256.o
    0x08001eb4   0x0000004c   Code   RO          603    i.ADS1256_Recive8Bit  ads1256.o
    0x08001f00   0x0000004c   Code   RO          604    i.ADS1256_Send8Bit  ads1256.o
    0x08001f4c   0x00000028   Code   RO          605    i.ADS1256_WriteCmd  ads1256.o
    0x08001f74   0x00000038   Code   RO          606    i.ADS1256_WriteReg  ads1256.o
    0x08001fac   0x00000002   Code   RO          389    i.BusFault_Handler  stm32f4xx_it.o
    0x08001fae   0x00000002   PAD
    0x08001fb0   0x000000a4   Code   RO          507    i.DAC8568_GPIO_Init  dac8568c.o
    0x08002054   0x0000002e   Code   RO          508    i.DAC8568_Init      dac8568c.o
    0x08002082   0x00000002   PAD
    0x08002084   0x00000050   Code   RO          509    i.DAC8568_SPI_WriteByte  dac8568c.o
    0x080020d4   0x00000040   Code   RO          510    i.DAC8568_SetVoltage  dac8568c.o
    0x08002114   0x0000009c   Code   RO          511    i.DAC8568_Write_Command  dac8568c.o
    0x080021b0   0x00000064   Code   RO          512    i.DAC8568_Write_DAC_Channel  dac8568c.o
    0x08002214   0x0000000c   Code   RO          390    i.DMA2_Stream2_IRQHandler  stm32f4xx_it.o
    0x08002220   0x0000000c   Code   RO          391    i.DMA2_Stream7_IRQHandler  stm32f4xx_it.o
    0x0800222c   0x00000028   Code   RO         1531    i.DMA_CalcBaseAndBitshift  stm32f4xx_hal_dma.o
    0x08002254   0x00000054   Code   RO         1532    i.DMA_CheckFifoParam  stm32f4xx_hal_dma.o
    0x080022a8   0x00000028   Code   RO         1533    i.DMA_SetConfig     stm32f4xx_hal_dma.o
    0x080022d0   0x00000002   Code   RO          392    i.DebugMon_Handler  stm32f4xx_it.o
    0x080022d2   0x00000004   Code   RO          220    i.Error_Handler     main.o
    0x080022d6   0x00000092   Code   RO         1534    i.HAL_DMA_Abort     stm32f4xx_hal_dma.o
    0x08002368   0x00000024   Code   RO         1535    i.HAL_DMA_Abort_IT  stm32f4xx_hal_dma.o
    0x0800238c   0x00000006   Code   RO         1538    i.HAL_DMA_GetState  stm32f4xx_hal_dma.o
    0x08002392   0x00000002   PAD
    0x08002394   0x000001a0   Code   RO         1539    i.HAL_DMA_IRQHandler  stm32f4xx_hal_dma.o
    0x08002534   0x000000d4   Code   RO         1540    i.HAL_DMA_Init      stm32f4xx_hal_dma.o
    0x08002608   0x0000006e   Code   RO         1544    i.HAL_DMA_Start_IT  stm32f4xx_hal_dma.o
    0x08002676   0x00000002   PAD
    0x08002678   0x00000024   Code   RO         1971    i.HAL_Delay         stm32f4xx_hal.o
    0x0800269c   0x000001f0   Code   RO         1427    i.HAL_GPIO_Init     stm32f4xx_hal_gpio.o
    0x0800288c   0x0000000a   Code   RO         1429    i.HAL_GPIO_ReadPin  stm32f4xx_hal_gpio.o
    0x08002896   0x0000000a   Code   RO         1431    i.HAL_GPIO_WritePin  stm32f4xx_hal_gpio.o
    0x080028a0   0x0000000c   Code   RO         1977    i.HAL_GetTick       stm32f4xx_hal.o
    0x080028ac   0x00000010   Code   RO         1983    i.HAL_IncTick       stm32f4xx_hal.o
    0x080028bc   0x00000034   Code   RO         1984    i.HAL_Init          stm32f4xx_hal.o
    0x080028f0   0x00000040   Code   RO         1985    i.HAL_InitTick      stm32f4xx_hal.o
    0x08002930   0x00000030   Code   RO          483    i.HAL_MspInit       stm32f4xx_hal_msp.o
    0x08002960   0x0000001a   Code   RO         1819    i.HAL_NVIC_EnableIRQ  stm32f4xx_hal_cortex.o
    0x0800297a   0x00000002   PAD
    0x0800297c   0x00000040   Code   RO         1825    i.HAL_NVIC_SetPriority  stm32f4xx_hal_cortex.o
    0x080029bc   0x00000024   Code   RO         1826    i.HAL_NVIC_SetPriorityGrouping  stm32f4xx_hal_cortex.o
    0x080029e0   0x00000134   Code   RO         1073    i.HAL_RCC_ClockConfig  stm32f4xx_hal_rcc.o
    0x08002b14   0x00000020   Code   RO         1080    i.HAL_RCC_GetPCLK1Freq  stm32f4xx_hal_rcc.o
    0x08002b34   0x00000020   Code   RO         1081    i.HAL_RCC_GetPCLK2Freq  stm32f4xx_hal_rcc.o
    0x08002b54   0x00000064   Code   RO         1082    i.HAL_RCC_GetSysClockFreq  stm32f4xx_hal_rcc.o
    0x08002bb8   0x0000036c   Code   RO         1085    i.HAL_RCC_OscConfig  stm32f4xx_hal_rcc.o
    0x08002f24   0x000000bc   Code   RO         2233    i.HAL_SPI_Init      stm32f4xx_hal_spi.o
    0x08002fe0   0x00000068   Code   RO          562    i.HAL_SPI_MspInit   spi.o
    0x08003048   0x00000028   Code   RO         1830    i.HAL_SYSTICK_Config  stm32f4xx_hal_cortex.o
    0x08003070   0x00000002   Code   RO          721    i.HAL_UARTEx_RxEventCallback  stm32f4xx_hal_uart.o
    0x08003072   0x00000002   Code   RO          735    i.HAL_UART_ErrorCallback  stm32f4xx_hal_uart.o
    0x08003074   0x00000280   Code   RO          738    i.HAL_UART_IRQHandler  stm32f4xx_hal_uart.o
    0x080032f4   0x00000064   Code   RO          739    i.HAL_UART_Init     stm32f4xx_hal_uart.o
    0x08003358   0x000000e8   Code   RO          348    i.HAL_UART_MspInit  usart.o
    0x08003440   0x0000001c   Code   RO          743    i.HAL_UART_Receive_DMA  stm32f4xx_hal_uart.o
    0x0800345c   0x00000002   Code   RO          745    i.HAL_UART_RxCpltCallback  stm32f4xx_hal_uart.o
    0x0800345e   0x00000002   Code   RO          746    i.HAL_UART_RxHalfCpltCallback  stm32f4xx_hal_uart.o
    0x08003460   0x000000a0   Code   RO          747    i.HAL_UART_Transmit  stm32f4xx_hal_uart.o
    0x08003500   0x00000084   Code   RO          748    i.HAL_UART_Transmit_DMA  stm32f4xx_hal_uart.o
    0x08003584   0x00000002   Code   RO          750    i.HAL_UART_TxCpltCallback  stm32f4xx_hal_uart.o
    0x08003586   0x00000002   Code   RO          751    i.HAL_UART_TxHalfCpltCallback  stm32f4xx_hal_uart.o
    0x08003588   0x00000002   Code   RO          393    i.HardFault_Handler  stm32f4xx_it.o
    0x0800358a   0x00000002   PAD
    0x0800358c   0x0000003c   Code   RO          323    i.MX_DMA_Init       dma.o
    0x080035c8   0x00000118   Code   RO          299    i.MX_GPIO_Init      gpio.o
    0x080036e0   0x00000048   Code   RO          563    i.MX_SPI1_Init      spi.o
    0x08003728   0x00000038   Code   RO          349    i.MX_USART1_UART_Init  usart.o
    0x08003760   0x00000002   Code   RO          394    i.MemManage_Handler  stm32f4xx_it.o
    0x08003762   0x00000002   Code   RO          395    i.NMI_Handler       stm32f4xx_it.o
    0x08003764   0x00000038   Code   RO          673    i.PID_Init          pid.o
    0x0800379c   0x00000002   Code   RO          396    i.PendSV_Handler    stm32f4xx_it.o
    0x0800379e   0x0000001e   Code   RO          157    i.Protocol_CalcChecksum  protocol.o
    0x080037bc   0x00000028   Code   RO          158    i.Protocol_Init     protocol.o
    0x080037e4   0x000000e0   Code   RO          159    i.Protocol_ProcessPacket  protocol.o
    0x080038c4   0x00000002   Code   RO          397    i.SVC_Handler       stm32f4xx_it.o
    0x080038c6   0x00000002   PAD
    0x080038c8   0x0000007c   Code   RO          160    i.Send_Collect_Reply  protocol.o
    0x08003944   0x00000114   Code   RO          161    i.Send_Settings_Reply  protocol.o
    0x08003a58   0x00000034   Code   RO          162    i.Send_Standard_Reply  protocol.o
    0x08003a8c   0x00000004   Code   RO          398    i.SysTick_Handler   stm32f4xx_it.o
    0x08003a90   0x00000098   Code   RO          221    i.SystemClock_Config  main.o
    0x08003b28   0x00000010   Code   RO         2545    i.SystemInit        system_stm32f4xx.o
    0x08003b38   0x00000020   Code   RO           13    i.UART_Config       bsp_uart.o
    0x08003b58   0x0000000e   Code   RO          752    i.UART_DMAAbortOnError  stm32f4xx_hal_uart.o
    0x08003b66   0x0000004a   Code   RO          753    i.UART_DMAError     stm32f4xx_hal_uart.o
    0x08003bb0   0x00000086   Code   RO          754    i.UART_DMAReceiveCplt  stm32f4xx_hal_uart.o
    0x08003c36   0x0000001e   Code   RO          756    i.UART_DMARxHalfCplt  stm32f4xx_hal_uart.o
    0x08003c54   0x00000042   Code   RO          758    i.UART_DMATransmitCplt  stm32f4xx_hal_uart.o
    0x08003c96   0x0000000a   Code   RO          760    i.UART_DMATxHalfCplt  stm32f4xx_hal_uart.o
    0x08003ca0   0x00000028   Code   RO           14    i.UART_DMA_Send     bsp_uart.o
    0x08003cc8   0x0000004e   Code   RO          762    i.UART_EndRxTransfer  stm32f4xx_hal_uart.o
    0x08003d16   0x0000001c   Code   RO          763    i.UART_EndTxTransfer  stm32f4xx_hal_uart.o
    0x08003d32   0x00000002   PAD
    0x08003d34   0x00000054   Code   RO           15    i.UART_IDLE_IRQHandler  bsp_uart.o
    0x08003d88   0x0000002c   Code   RO          222    i.UART_Printf       main.o
    0x08003db4   0x000000c2   Code   RO          764    i.UART_Receive_IT   stm32f4xx_hal_uart.o
    0x08003e76   0x00000002   PAD
    0x08003e78   0x000000dc   Code   RO          765    i.UART_SetConfig    stm32f4xx_hal_uart.o
    0x08003f54   0x000000a0   Code   RO          766    i.UART_Start_Receive_DMA  stm32f4xx_hal_uart.o
    0x08003ff4   0x00000072   Code   RO          768    i.UART_WaitOnFlagUntilTimeout  stm32f4xx_hal_uart.o
    0x08004066   0x00000002   PAD
    0x08004068   0x00000014   Code   RO          399    i.USART1_IRQHandler  stm32f4xx_it.o
    0x0800407c   0x00000002   Code   RO          400    i.UsageFault_Handler  stm32f4xx_it.o
    0x0800407e   0x00000030   Code   RO         2815    i.__ARM_fpclassify  m_wm.l(fpclassify.o)
    0x080040ae   0x00000026   Code   RO         2712    i.__ARM_fpclassifyf  m_wm.l(fpclassifyf.o)
    0x080040d4   0x00000020   Code   RO         1832    i.__NVIC_SetPriority  stm32f4xx_hal_cortex.o
    0x080040f4   0x0000018c   Code   RO         2591    i.__hardfp_sinf     m_wm.l(sinf.o)
    0x08004280   0x00000010   Code   RO         2714    i.__mathlib_flt_underflow  m_wm.l(funder.o)
    0x08004290   0x00000140   Code   RO         2716    i.__mathlib_rredf2  m_wm.l(rredf.o)
    0x080043d0   0x0000000e   Code   RO         2670    i._is_digit         c_w.l(__printf_wp.o)
    0x080043de   0x00000020   Code   RO          513    i.delay_spi         dac8568c.o
    0x080043fe   0x00000016   Code   RO          607    i.delay_us          ads1256.o
    0x08004414   0x0000035c   Code   RO          223    i.main              main.o
    0x08004770   0x0000002c   Code   RO         2799    locale$$code        c_w.l(lc_numeric_c.o)
    0x0800479c   0x0000002c   Code   RO         2822    locale$$code        c_w.l(lc_ctype_c.o)
    0x080047c8   0x0000000a   Code   RO         2888    x$fpl$fpinit        fz_wm.l(fpinit.o)
    0x080047d2   0x00000004   Code   RO         2703    x$fpl$printf1       fz_wm.l(printf1.o)
    0x080047d6   0x00000004   Code   RO         2705    x$fpl$printf2       fz_wm.l(printf2.o)
    0x080047da   0x00000000   Code   RO         2711    x$fpl$usenofp       fz_wm.l(usenofp.o)
    0x080047da   0x00000008   Data   RO         1546    .constdata          stm32f4xx_hal_dma.o
    0x080047e2   0x00000010   Data   RO         2546    .constdata          system_stm32f4xx.o
    0x080047f2   0x00000008   Data   RO         2547    .constdata          system_stm32f4xx.o
    0x080047fa   0x00000002   PAD
    0x080047fc   0x00000008   Data   RO         2629    .constdata          c_w.l(_printf_wctomb.o)
    0x08004804   0x00000028   Data   RO         2658    .constdata          c_w.l(_printf_hex_int_ll_ptr.o)
    0x0800482c   0x00000011   Data   RO         2678    .constdata          c_w.l(__printf_flags_ss_wp.o)
    0x0800483d   0x00000003   PAD
    0x08004840   0x00000020   Data   RO         2717    .constdata          m_wm.l(rredf.o)
    0x08004860   0x00000026   Data   RO         2748    .constdata          c_w.l(_printf_fp_hex.o)
    0x08004886   0x00000002   PAD
    0x08004888   0x00000094   Data   RO         2774    .constdata          c_w.l(bigflt0.o)
    0x0800491c   0x00000020   Data   RO         2943    Region$$Table       anon$$obj.o
    0x0800493c   0x0000001c   Data   RO         2798    locale$$data        c_w.l(lc_numeric_c.o)
    0x08004958   0x00000110   Data   RO         2821    locale$$data        c_w.l(lc_ctype_c.o)


    Execution Region RW_IRAM1 (Base: 0x20000000, Size: 0x00000a58, Max: 0x0001c000, ABSOLUTE)

    Base Addr    Size         Type   Attr      Idx    E Section Name        Object

    0x20000000   0x00000018   Data   RW          225    .data               main.o
    0x20000018   0x0000000c   Data   RW         1991    .data               stm32f4xx_hal.o
    0x20000024   0x00000004   Data   RW         2548    .data               system_stm32f4xx.o
    0x20000028   0x00000100   Zero   RW           16    .bss                bsp_uart.o
    0x20000128   0x00000130   Zero   RW          163    .bss                protocol.o
    0x20000258   0x00000040   Zero   RW          224    .bss                main.o
    0x20000298   0x00000108   Zero   RW          350    .bss                usart.o
    0x200003a0   0x00000058   Zero   RW          564    .bss                spi.o
    0x200003f8   0x00000060   Zero   RW         2760    .bss                c_w.l(libspace.o)
    0x20000458   0x00000200   Zero   RW            2    HEAP                startup_stm32f407xx.o
    0x20000658   0x00000400   Zero   RW            1    STACK               startup_stm32f407xx.o


    Execution Region RW_IRAM2 (Base: 0x2001c000, Size: 0x00000000, Max: 0x00004000, ABSOLUTE)

    **** No section assigned to this execution region ****


==============================================================================

Image component sizes


      Code (inc. data)   RO Data    RW Data    ZI Data      Debug   Object Name

       754         46          0          0          0       6974   ads1256.o
       156         28          0          0        256     666584   bsp_uart.o
       642         42          0          0          0       5856   dac8568c.o
        60          4          0          0          0        798   dma.o
       280         20          0          0          0       1079   gpio.o
      1060         96          0         24         64       4969   main.o
        56          4          0          0          0        859   pid.o
       746         36          0          0        304       5546   protocol.o
       176         22          0          0         88       1673   spi.o
        64         26        392          0       1536        836   startup_stm32f407xx.o
       180         28          0         12          0       9405   stm32f4xx_hal.o
       198         14          0          0          0      33503   stm32f4xx_hal_cortex.o
      1090         16          8          0          0       7201   stm32f4xx_hal_dma.o
       516         46          0          0          0       2659   stm32f4xx_hal_gpio.o
        48          6          0          0          0        874   stm32f4xx_hal_msp.o
      1348         76          0          0          0       5080   stm32f4xx_hal_rcc.o
       188          0          0          0          0       1199   stm32f4xx_hal_spi.o
      2194         40          0          0          0      16780   stm32f4xx_hal_uart.o
        64         16          0          0          0       5734   stm32f4xx_it.o
        16          4         24          4          0       1151   system_stm32f4xx.o
       288         28          0          0        264       1880   usart.o

    ----------------------------------------------------------------------
     10144        598        458         40       2512     780640   Object Totals
         0          0         32          0          0          0   (incl. Generated)
        20          0          2          0          0          0   (incl. Padding)

    ----------------------------------------------------------------------

      Code (inc. data)   RO Data    RW Data    ZI Data      Debug   Library Member Name

         8          0          0          0          0         68   __main.o
       392          4         17          0          0         92   __printf_flags_ss_wp.o
        14          0          0          0          0         68   __printf_wp.o
        52          8          0          0          0          0   __scatter.o
        26          0          0          0          0          0   __scatter_copy.o
        28          0          0          0          0          0   __scatter_zi.o
         6          0          0          0          0          0   _printf_a.o
         6          0          0          0          0          0   _printf_c.o
        44          0          0          0          0        108   _printf_char.o
        48          6          0          0          0         96   _printf_char_common.o
        40          0          0          0          0         68   _printf_charcount.o
         6          0          0          0          0          0   _printf_d.o
       116         16          0          0          0         92   _printf_dec.o
         6          0          0          0          0          0   _printf_e.o
         6          0          0          0          0          0   _printf_f.o
      1046          0          0          0          0        216   _printf_fp_dec.o
       760         10         38          0          0        100   _printf_fp_hex.o
       128         16          0          0          0         84   _printf_fp_infnan.o
         6          0          0          0          0          0   _printf_g.o
       148          4         40          0          0        160   _printf_hex_int_ll_ptr.o
         6          0          0          0          0          0   _printf_i.o
       178          0          0          0          0         88   _printf_intcommon.o
        10          0          0          0          0          0   _printf_l.o
         6          0          0          0          0          0   _printf_lc.o
        10          0          0          0          0          0   _printf_ll.o
         6          0          0          0          0          0   _printf_lld.o
         6          0          0          0          0          0   _printf_lli.o
         6          0          0          0          0          0   _printf_llo.o
         6          0          0          0          0          0   _printf_llu.o
         6          0          0          0          0          0   _printf_llx.o
       120         16          0          0          0         92   _printf_longlong_dec.o
         6          0          0          0          0          0   _printf_ls.o
         6          0          0          0          0          0   _printf_n.o
         6          0          0          0          0          0   _printf_o.o
       112          8          0          0          0        124   _printf_oct_int_ll.o
         6          0          0          0          0          0   _printf_p.o
        78          0          0          0          0        108   _printf_pad.o
         0          0          0          0          0          0   _printf_percent.o
         4          0          0          0          0          0   _printf_percent_end.o
         6          0          0          0          0          0   _printf_s.o
        82          0          0          0          0         80   _printf_str.o
        36          0          0          0          0         84   _printf_truncate.o
         6          0          0          0          0          0   _printf_u.o
        44          0          0          0          0        108   _printf_wchar.o
       188          6          8          0          0         92   _printf_wctomb.o
         6          0          0          0          0          0   _printf_x.o
        22          0          0          0          0        100   _rserrno.o
        16          0          0          0          0         68   _snputc.o
        10          0          0          0          0         68   _sputc.o
        64          0          0          0          0         92   _wcrtomb.o
       216          4        148          0          0         96   bigflt0.o
      1910        128          0          0          0        672   btod.o
        12          0          0          0          0         72   exit.o
         6          0          0          0          0        152   heapauxi.o
         0          0          0          0          0          0   indicate_semi.o
        44         10        272          0          0         76   lc_ctype_c.o
        44         10         28          0          0         76   lc_numeric_c.o
         2          0          0          0          0          0   libinit.o
        34          0          0          0          0          0   libinit2.o
         2          0          0          0          0          0   libshutdown.o
         2          0          0          0          0          0   libshutdown2.o
         8          4          0          0         96         68   libspace.o
       138          0          0          0          0         80   lludiv10.o
       238          0          0          0          0        100   lludivv7m.o
        16          4          0          0          0         76   rt_ctype_table.o
         8          4          0          0          0         68   rt_errno_addr_intlibspace.o
         8          4          0          0          0         68   rt_locale_intlibspace.o
        78          0          0          0          0         80   rt_memclr_w.o
         0          0          0          0          0          0   rtentry.o
        12          0          0          0          0          0   rtentry2.o
         6          0          0          0          0          0   rtentry4.o
         2          0          0          0          0          0   rtexit.o
        10          0          0          0          0          0   rtexit2.o
       128          0          0          0          0         68   strcmpv7m.o
        12          4          0          0          0         68   sys_exit.o
        74          0          0          0          0         80   sys_stackheap_outer.o
         2          0          0          0          0         68   use_no_semi.o
        52          4          0          0          0         80   vsnprintf.o
        10          0          0          0          0        116   fpinit.o
         4          0          0          0          0        116   printf1.o
         4          0          0          0          0        116   printf2.o
         0          0          0          0          0          0   usenofp.o
        48          0          0          0          0        124   fpclassify.o
        38          0          0          0          0        116   fpclassifyf.o
        16          6          0          0          0        116   funder.o
       320         24         32          0          0        160   rredf.o
       396         60          0          0          0        192   sinf.o

    ----------------------------------------------------------------------
      7858        360        588          0         96       5360   Library Totals
        14          0          5          0          0          0   (incl. Padding)

    ----------------------------------------------------------------------

      Code (inc. data)   RO Data    RW Data    ZI Data      Debug   Library Name

      7008        270        551          0         96       4304   c_w.l
        18          0          0          0          0        348   fz_wm.l
       818         90         32          0          0        708   m_wm.l

    ----------------------------------------------------------------------
      7858        360        588          0         96       5360   Library Totals

    ----------------------------------------------------------------------

==============================================================================


      Code (inc. data)   RO Data    RW Data    ZI Data      Debug   

     18002        958       1046         40       2608     773660   Grand Totals
     18002        958       1046         40       2608     773660   ELF Image Totals
     18002        958       1046         40          0          0   ROM Totals

==============================================================================

    Total RO  Size (Code + RO Data)                19048 (  18.60kB)
    Total RW  Size (RW Data + ZI Data)              2648 (   2.59kB)
    Total ROM Size (Code + RO Data + RW Data)      19088 (  18.64kB)

==============================================================================

